******************************************************************************
                  TI ARM Linker PC v20.2.7                     
******************************************************************************
>> Linked Fri Nov 25 00:05:00 2022

OUTPUT FILE NAME:   <HolaMundo.out>
ENTRY POINT SYMBOL: "_c_int00_noargs"  address: 00001229


MEMORY CONFIGURATION

         name            origin    length      used     unused   attr    fill
----------------------  --------  ---------  --------  --------  ----  --------
  FLASH                 00000000   00040000  00001682  0003e97e  R  X
  SRAM                  20000000   00008000  0000048f  00007b71  RW X


SEGMENT ALLOCATION MAP

run origin  load origin   length   init length attrs members
----------  ----------- ---------- ----------- ----- -------
00000000    00000000    00001688   00001688    r-x
  00000000    00000000    0000026c   0000026c    r-- .intvecs
  0000026c    0000026c    0000118e   0000118e    r-x .text
  000013fc    000013fc    00000238   00000238    r-- .const
  00001638    00001638    00000050   00000050    r-- .cinit
20000000    20000000    00000496   00000000    rw-
  20000000    20000000    0000026c   00000000    rw- .vtable
  20000270    20000270    00000200   00000000    rw- .stack
  20000470    20000470    00000019   00000000    rw- .data
  2000048c    2000048c    0000000a   00000000    rw- .bss


SECTION ALLOCATION MAP

 output                                  attributes/
section   page    origin      length       input sections
--------  ----  ----------  ----------   ----------------
.intvecs   0    00000000    0000026c     
                  00000000    0000026c     tm4c123gh6pm_startup_ccs.obj (.intvecs)

.text      0    0000026c    0000118e     
                  0000026c    000004dc     uartstdio.obj (.text)
                  00000748    00000460     main.obj (.text)
                  00000ba8    00000132     driverlib.lib : gpio.obj (.text:GPIOPadConfigSet)
                  00000cda    00000002     rtsv7M4_T_le_v4SPD16_eabi.lib : div0.asm.obj (.text)
                  00000cdc    00000110     driverlib.lib : sysctl.obj (.text:SysCtlClockGet)
                  00000dec    000000f4                   : sysctl.obj (.text:SysCtlClockSet)
                  00000ee0    0000009c     rtsv7M4_T_le_v4SPD16_eabi.lib : memcpy_t2.asm.obj (.text)
                  00000f7c    00000068     driverlib.lib : interrupt.obj (.text:IntEnable)
                  00000fe4    00000068     rtsv7M4_T_le_v4SPD16_eabi.lib : copy_decompress_lzss.c.obj (.text:decompress:lzss:__TI_decompress_lzss)
                  0000104c    00000060     driverlib.lib : timer.obj (.text:TimerConfigure)
                  000010ac    00000048                   : gpio.obj (.text:GPIOPinConfigure)
                  000010f4    00000046                   : uart.obj (.text:UARTConfigSetExpClk)
                  0000113a    00000002     --HOLE-- [fill = 0]
                  0000113c    00000044     rtsv7M4_T_le_v4SPD16_eabi.lib : autoinit.c.obj (.text:__TI_auto_init_nobinit_nopinit:__TI_auto_init_nobinit_nopinit)
                  00001180    00000040                                   : u_divt2.asm.obj (.text)
                  000011c0    00000034     driverlib.lib : interrupt.obj (.text:IntRegister)
                  000011f4    00000034                   : sysctl.obj (.text:SysCtlPeripheralEnable)
                  00001228    00000034     rtsv7M4_T_le_v4SPD16_eabi.lib : boot_cortex_m.c.obj (.text:_c_int00_noargs:_c_int00_noargs)
                  0000125c    0000002a     driverlib.lib : gpio.obj (.text:GPIODirModeSet)
                  00001286    00000002     --HOLE-- [fill = 0]
                  00001288    00000024                   : interrupt.obj (.text:IntPrioritySet)
                  000012ac    00000020                   : uart.obj (.text:UARTDisable)
                  000012cc    0000001c     rtsv7M4_T_le_v4SPD16_eabi.lib : copy_zero_init.c.obj (.text:decompress:ZI:__TI_zero_init_nomemset:__TI_zero_init_nomemset)
                  000012e8    00000018     driverlib.lib : gpio.obj (.text:GPIOPinTypeGPIOOutput)
                  00001300    00000014                   : uart.obj (.text:UARTEnable)
                  00001314    00000012                   : gpio.obj (.text:GPIOPinTypeGPIOInput)
                  00001326    00000012                   : gpio.obj (.text:GPIOPinTypeUART)
                  00001338    00000012                   : timer.obj (.text:TimerLoadSet)
                  0000134a    00000010                   : interrupt.obj (.text:IntMasterEnable)
                  0000135a    0000000e                   : gpio.obj (.text:GPIOIntStatus)
                  00001368    0000000e                   : timer.obj (.text:TimerEnable)
                  00001376    0000000e     rtsv7M4_T_le_v4SPD16_eabi.lib : copy_decompress_none.c.obj (.text:decompress:none:__TI_decompress_none)
                  00001384    0000000c     driverlib.lib : cpu.obj (.text:CPUcpsie)
                  00001390    0000000c                   : gpio.obj (.text:GPIOIntEnable)
                  0000139c    0000000c     tm4c123gh6pm_startup_ccs.obj (.text)
                  000013a8    0000000a     driverlib.lib : uart.obj (.text:UARTCharGet)
                  000013b2    0000000a                   : uart.obj (.text:UARTCharPut)
                  000013bc    0000000a                   : uart.obj (.text:UARTFIFODisable)
                  000013c6    00000008                   : timer.obj (.text:TimerIntEnable)
                  000013ce    00000008                   : uart.obj (.text:UARTIntEnable)
                  000013d6    00000006                   : gpio.obj (.text:GPIOIntClear)
                  000013dc    00000006                   : gpio.obj (.text:GPIOPinRead)
                  000013e2    00000006                   : gpio.obj (.text:GPIOPinWrite)
                  000013e8    00000006                   : sysctl.obj (.text:SysCtlDelay)
                  000013ee    00000004                   : uart.obj (.text:UARTIntClear)
                  000013f2    00000004     rtsv7M4_T_le_v4SPD16_eabi.lib : pre_init.c.obj (.text:_system_pre_init)
                  000013f6    00000004                                   : exit.c.obj (.text:abort:abort)

.const     0    000013fc    00000238     
                  000013fc    0000009c     driverlib.lib : interrupt.obj (.const:g_pui32Regs)
                  00001498    00000090                   : gpio.obj (.const:g_pui32GPIOBaseAddrs)
                  00001528    00000070                   : interrupt.obj (.const)
                  00001598    0000006c                   : sysctl.obj (.const:g_pui32Xtals)
                  00001604    00000012     uartstdio.obj (.const:.string)
                  00001616    00000002     --HOLE-- [fill = 0]
                  00001618    0000000c     uartstdio.obj (.const:g_ui32UARTBase)
                  00001624    0000000c     uartstdio.obj (.const:g_ui32UARTPeriph)
                  00001630    00000004     uartstdio.obj (.const)

.cinit     0    00001638    00000050     
                  00001638    00000015     (.cinit..data.load) [load image, compression = lzss]
                  0000164d    00000003     --HOLE-- [fill = 0]
                  00001650    0000000c     (__TI_handler_table)
                  0000165c    00000004     --HOLE-- [fill = 0]
                  00001660    00000008     (.cinit..bss.load) [load image, compression = zero_init]
                  00001668    00000008     (.cinit..vtable.load) [load image, compression = zero_init]
                  00001670    00000018     (__TI_cinit_table)

.init_array 
*          0    00000000    00000000     UNINITIALIZED

.vtable    0    20000000    0000026c     UNINITIALIZED
                  20000000    0000026c     driverlib.lib : interrupt.obj (.vtable)

.data      0    20000470    00000019     UNINITIALIZED
                  20000470    0000000c     main.obj (.data:DISP)
                  2000047c    00000008     main.obj (.data)
                  20000484    00000005     uartstdio.obj (.data)

.bss       0    2000048c    0000000a     UNINITIALIZED
                  2000048c    00000004     (.common:FSM)
                  20000490    00000001     (.common:LED1)
                  20000491    00000001     (.common:LED2)
                  20000492    00000001     (.common:LED3)
                  20000493    00000001     (.common:LED4)
                  20000494    00000001     (.common:ST7SEG)
                  20000495    00000001     (.common:consola)

.stack     0    20000270    00000200     UNINITIALIZED
                  20000270    00000004     rtsv7M4_T_le_v4SPD16_eabi.lib : boot_cortex_m.c.obj (.stack)
                  20000274    000001fc     --HOLE--

__llvm_prf_cnts 
*          0    20000000    00000000     UNINITIALIZED

MODULE SUMMARY

       Module                         code   ro data   rw data
       ------                         ----   -------   -------
    .\
       uartstdio.obj                  1244   46        5      
       main.obj                       1120   0         30     
       tm4c123gh6pm_startup_ccs.obj   12     620       0      
    +--+------------------------------+------+---------+---------+
       Total:                         2376   666       35     
                                                              
    C:/ti/TivaWare_C_Series-2.1.4.178/driverlib/ccs/Debug/driverlib.lib
       interrupt.obj                  208    268       620    
       sysctl.obj                     574    108       0      
       gpio.obj                       524    144       0      
       uart.obj                       164    0         0      
       timer.obj                      136    0         0      
       cpu.obj                        12     0         0      
    +--+------------------------------+------+---------+---------+
       Total:                         1618   520       620    
                                                              
    C:\ti\ccs1210\ccs\tools\compiler\ti-cgt-arm_20.2.7.LTS\lib\rtsv7M4_T_le_v4SPD16_eabi.lib
       memcpy_t2.asm.obj              156    0         0      
       copy_decompress_lzss.c.obj     104    0         0      
       autoinit.c.obj                 68     0         0      
       u_divt2.asm.obj                64     0         0      
       boot_cortex_m.c.obj            52     0         0      
       copy_zero_init.c.obj           28     0         0      
       copy_decompress_none.c.obj     14     0         0      
       exit.c.obj                     4      0         0      
       pre_init.c.obj                 4      0         0      
       div0.asm.obj                   2      0         0      
    +--+------------------------------+------+---------+---------+
       Total:                         496    0         0      
                                                              
       Stack:                         0      0         512    
       Linker Generated:              0      73        0      
    +--+------------------------------+------+---------+---------+
       Grand Total:                   4490   1259      1167   


LINKER GENERATED COPY TABLES

__TI_cinit_table @ 00001670 records: 3, size/record: 8, table size: 24
	.data: load addr=00001638, load size=00000015 bytes, run addr=20000470, run size=00000019 bytes, compression=lzss
	.bss: load addr=00001660, load size=00000008 bytes, run addr=2000048c, run size=0000000a bytes, compression=zero_init
	.vtable: load addr=00001668, load size=00000008 bytes, run addr=20000000, run size=0000026c bytes, compression=zero_init


LINKER GENERATED HANDLER TABLE

__TI_handler_table @ 00001650 records: 3, size/record: 4, table size: 12
	index: 0, handler: __TI_zero_init
	index: 1, handler: __TI_decompress_lzss
	index: 2, handler: __TI_decompress_none


GLOBAL SYMBOLS: SORTED ALPHABETICALLY BY Name 

address   name                          
-------   ----                          
000013f7  C$$EXIT                       
000007bf  CONFIG                        
00001385  CPUcpsie                      
20000470  DISP                          
2000048c  FSM                           
0000125d  GPIODirModeSet                
000013d7  GPIOIntClear                  
00001391  GPIOIntEnable                 
0000135b  GPIOIntStatus                 
00000ba9  GPIOPadConfigSet              
000010ad  GPIOPinConfigure              
000013dd  GPIOPinRead                   
00001315  GPIOPinTypeGPIOInput          
000012e9  GPIOPinTypeGPIOOutput         
00001327  GPIOPinTypeUART               
000013e3  GPIOPinWrite                  
00000f7d  IntEnable                     
0000134b  IntMasterEnable               
00001289  IntPrioritySet                
000011c1  IntRegister                   
20000490  LED1                          
20000491  LED2                          
20000492  LED3                          
20000493  LED4                          
000008c3  PB                            
0000139d  ResetISR                      
0000088b  SET_TIMER0                    
00000837  SET_UART                      
20000494  ST7SEG                        
20000480  STLED0                        
20000481  STLED1                        
20000482  STLED2                        
20000483  STLED3                        
00000cdd  SysCtlClockGet                
00000ded  SysCtlClockSet                
000013e9  SysCtlDelay                   
000011f5  SysCtlPeripheralEnable        
0000104d  TimerConfigure                
00001369  TimerEnable                   
000013c7  TimerIntEnable                
00001339  TimerLoadSet                  
000013a9  UARTCharGet                   
000013b3  UARTCharPut                   
000010f5  UARTConfigSetExpClk           
000012ad  UARTDisable                   
00001301  UARTEnable                    
000013bd  UARTFIFODisable               
000013ef  UARTIntClear                  
000013cf  UARTIntEnable                 
0000026d  UARTStdioConfig               
000003e5  UARTgetc                      
0000031f  UARTgets                      
000009f9  UARTint                       
00000713  UARTprintf                    
00000419  UARTvprintf                   
000002cd  UARTwrite                     
20000470  __STACK_END                   
00000200  __STACK_SIZE                  
20000470  __STACK_TOP                   
00001670  __TI_CINIT_Base               
00001688  __TI_CINIT_Limit              
00001650  __TI_Handler_Table_Base       
0000165c  __TI_Handler_Table_Limit      
0000113d  __TI_auto_init_nobinit_nopinit
00000fe5  __TI_decompress_lzss          
00001377  __TI_decompress_none          
ffffffff  __TI_pprof_out_hndl           
ffffffff  __TI_prof_data_size           
ffffffff  __TI_prof_data_start          
00000000  __TI_static_base__            
000012cd  __TI_zero_init_nomemset       
00000cdb  __aeabi_idiv0                 
00000cdb  __aeabi_ldiv0                 
00000ee1  __aeabi_memcpy                
00000ee1  __aeabi_memcpy4               
00000ee1  __aeabi_memcpy8               
00001181  __aeabi_uidiv                 
00001181  __aeabi_uidivmod              
ffffffff  __binit__                     
ffffffff  __c_args__                    
UNDEFED   __mpu_init                    
20000270  __stack                       
20000000  __start___llvm_prf_cnts       
20000000  __stop___llvm_prf_cnts        
00001229  _c_int00_noargs               
UNDEFED   _system_post_cinit            
000013f3  _system_pre_init              
000013f7  abort                         
ffffffff  binit                         
20000495  consola                       
20000000  g_pfnRAMVectors               
00000000  g_pfnVectors                  
2000047c  i                             
00000749  main                          
00000ee1  memcpy                        


GLOBAL SYMBOLS: SORTED BY Symbol Address 

address   name                          
-------   ----                          
00000000  __TI_static_base__            
00000000  g_pfnVectors                  
00000200  __STACK_SIZE                  
0000026d  UARTStdioConfig               
000002cd  UARTwrite                     
0000031f  UARTgets                      
000003e5  UARTgetc                      
00000419  UARTvprintf                   
00000713  UARTprintf                    
00000749  main                          
000007bf  CONFIG                        
00000837  SET_UART                      
0000088b  SET_TIMER0                    
000008c3  PB                            
000009f9  UARTint                       
00000ba9  GPIOPadConfigSet              
00000cdb  __aeabi_idiv0                 
00000cdb  __aeabi_ldiv0                 
00000cdd  SysCtlClockGet                
00000ded  SysCtlClockSet                
00000ee1  __aeabi_memcpy                
00000ee1  __aeabi_memcpy4               
00000ee1  __aeabi_memcpy8               
00000ee1  memcpy                        
00000f7d  IntEnable                     
00000fe5  __TI_decompress_lzss          
0000104d  TimerConfigure                
000010ad  GPIOPinConfigure              
000010f5  UARTConfigSetExpClk           
0000113d  __TI_auto_init_nobinit_nopinit
00001181  __aeabi_uidiv                 
00001181  __aeabi_uidivmod              
000011c1  IntRegister                   
000011f5  SysCtlPeripheralEnable        
00001229  _c_int00_noargs               
0000125d  GPIODirModeSet                
00001289  IntPrioritySet                
000012ad  UARTDisable                   
000012cd  __TI_zero_init_nomemset       
000012e9  GPIOPinTypeGPIOOutput         
00001301  UARTEnable                    
00001315  GPIOPinTypeGPIOInput          
00001327  GPIOPinTypeUART               
00001339  TimerLoadSet                  
0000134b  IntMasterEnable               
0000135b  GPIOIntStatus                 
00001369  TimerEnable                   
00001377  __TI_decompress_none          
00001385  CPUcpsie                      
00001391  GPIOIntEnable                 
0000139d  ResetISR                      
000013a9  UARTCharGet                   
000013b3  UARTCharPut                   
000013bd  UARTFIFODisable               
000013c7  TimerIntEnable                
000013cf  UARTIntEnable                 
000013d7  GPIOIntClear                  
000013dd  GPIOPinRead                   
000013e3  GPIOPinWrite                  
000013e9  SysCtlDelay                   
000013ef  UARTIntClear                  
000013f3  _system_pre_init              
000013f7  C$$EXIT                       
000013f7  abort                         
00001650  __TI_Handler_Table_Base       
0000165c  __TI_Handler_Table_Limit      
00001670  __TI_CINIT_Base               
00001688  __TI_CINIT_Limit              
20000000  __start___llvm_prf_cnts       
20000000  __stop___llvm_prf_cnts        
20000000  g_pfnRAMVectors               
20000270  __stack                       
20000470  DISP                          
20000470  __STACK_END                   
20000470  __STACK_TOP                   
2000047c  i                             
20000480  STLED0                        
20000481  STLED1                        
20000482  STLED2                        
20000483  STLED3                        
2000048c  FSM                           
20000490  LED1                          
20000491  LED2                          
20000492  LED3                          
20000493  LED4                          
20000494  ST7SEG                        
20000495  consola                       
ffffffff  __TI_pprof_out_hndl           
ffffffff  __TI_prof_data_size           
ffffffff  __TI_prof_data_start          
ffffffff  __binit__                     
ffffffff  __c_args__                    
ffffffff  binit                         
UNDEFED   __mpu_init                    
UNDEFED   _system_post_cinit            

[95 symbols]
