******************************************************************************
                  TI ARM Linker PC v20.2.7                     
******************************************************************************
>> Linked Fri Nov 25 00:41:05 2022

OUTPUT FILE NAME:   <Tiva_P3.out>
ENTRY POINT SYMBOL: "_c_int00_noargs"  address: 000012ad


MEMORY CONFIGURATION

         name            origin    length      used     unused   attr    fill
----------------------  --------  ---------  --------  --------  ----  --------
  FLASH                 00000000   00040000  0000170e  0003e8f2  R  X
  SRAM                  20000000   00008000  0000049b  00007b65  RW X


SEGMENT ALLOCATION MAP

run origin  load origin   length   init length attrs members
----------  ----------- ---------- ----------- ----- -------
00000000    00000000    00001710   00001710    r-x
  00000000    00000000    0000026c   0000026c    r-- .intvecs
  0000026c    0000026c    00001212   00001212    r-x .text
  00001480    00001480    00000238   00000238    r-- .const
  000016b8    000016b8    00000058   00000058    r-- .cinit
20000000    20000000    000004a2   00000000    rw-
  20000000    20000000    0000026c   00000000    rw- .vtable
  20000270    20000270    00000200   00000000    rw- .stack
  20000470    20000470    00000025   00000000    rw- .data
  20000498    20000498    0000000a   00000000    rw- .bss


SECTION ALLOCATION MAP

 output                                  attributes/
section   page    origin      length       input sections
--------  ----  ----------  ----------   ----------------
.intvecs   0    00000000    0000026c     
                  00000000    0000026c     tm4c123gh6pm_startup_ccs.obj (.intvecs)

.text      0    0000026c    00001212     
                  0000026c    000004e4     main.obj (.text)
                  00000750    000004dc     uartstdio.obj (.text)
                  00000c2c    00000132     driverlib.lib : gpio.obj (.text:GPIOPadConfigSet)
                  00000d5e    00000002     rtsv7M4_T_le_v4SPD16_eabi.lib : div0.asm.obj (.text)
                  00000d60    00000110     driverlib.lib : sysctl.obj (.text:SysCtlClockGet)
                  00000e70    000000f4                   : sysctl.obj (.text:SysCtlClockSet)
                  00000f64    0000009c     rtsv7M4_T_le_v4SPD16_eabi.lib : memcpy_t2.asm.obj (.text)
                  00001000    00000068     driverlib.lib : interrupt.obj (.text:IntEnable)
                  00001068    00000068     rtsv7M4_T_le_v4SPD16_eabi.lib : copy_decompress_lzss.c.obj (.text:decompress:lzss:__TI_decompress_lzss)
                  000010d0    00000060     driverlib.lib : timer.obj (.text:TimerConfigure)
                  00001130    00000048                   : gpio.obj (.text:GPIOPinConfigure)
                  00001178    00000046                   : uart.obj (.text:UARTConfigSetExpClk)
                  000011be    00000002     --HOLE-- [fill = 0]
                  000011c0    00000044     rtsv7M4_T_le_v4SPD16_eabi.lib : autoinit.c.obj (.text:__TI_auto_init_nobinit_nopinit:__TI_auto_init_nobinit_nopinit)
                  00001204    00000040                                   : u_divt2.asm.obj (.text)
                  00001244    00000034     driverlib.lib : interrupt.obj (.text:IntRegister)
                  00001278    00000034                   : sysctl.obj (.text:SysCtlPeripheralEnable)
                  000012ac    00000034     rtsv7M4_T_le_v4SPD16_eabi.lib : boot_cortex_m.c.obj (.text:_c_int00_noargs:_c_int00_noargs)
                  000012e0    0000002a     driverlib.lib : gpio.obj (.text:GPIODirModeSet)
                  0000130a    00000002     --HOLE-- [fill = 0]
                  0000130c    00000024                   : interrupt.obj (.text:IntPrioritySet)
                  00001330    00000020                   : uart.obj (.text:UARTDisable)
                  00001350    0000001c     rtsv7M4_T_le_v4SPD16_eabi.lib : copy_zero_init.c.obj (.text:decompress:ZI:__TI_zero_init_nomemset:__TI_zero_init_nomemset)
                  0000136c    00000018     driverlib.lib : gpio.obj (.text:GPIOPinTypeGPIOOutput)
                  00001384    00000014                   : uart.obj (.text:UARTEnable)
                  00001398    00000012                   : gpio.obj (.text:GPIOPinTypeGPIOInput)
                  000013aa    00000012                   : gpio.obj (.text:GPIOPinTypeUART)
                  000013bc    00000012                   : timer.obj (.text:TimerLoadSet)
                  000013ce    00000010                   : interrupt.obj (.text:IntMasterEnable)
                  000013de    0000000e                   : gpio.obj (.text:GPIOIntStatus)
                  000013ec    0000000e                   : timer.obj (.text:TimerEnable)
                  000013fa    0000000e     rtsv7M4_T_le_v4SPD16_eabi.lib : copy_decompress_none.c.obj (.text:decompress:none:__TI_decompress_none)
                  00001408    0000000c     driverlib.lib : cpu.obj (.text:CPUcpsie)
                  00001414    0000000c                   : gpio.obj (.text:GPIOIntEnable)
                  00001420    0000000c     tm4c123gh6pm_startup_ccs.obj (.text)
                  0000142c    0000000a     driverlib.lib : uart.obj (.text:UARTCharGet)
                  00001436    0000000a                   : uart.obj (.text:UARTCharPut)
                  00001440    0000000a                   : uart.obj (.text:UARTFIFODisable)
                  0000144a    00000008                   : timer.obj (.text:TimerIntEnable)
                  00001452    00000008                   : uart.obj (.text:UARTIntEnable)
                  0000145a    00000006                   : gpio.obj (.text:GPIOIntClear)
                  00001460    00000006                   : gpio.obj (.text:GPIOPinRead)
                  00001466    00000006                   : gpio.obj (.text:GPIOPinWrite)
                  0000146c    00000006                   : sysctl.obj (.text:SysCtlDelay)
                  00001472    00000004                   : uart.obj (.text:UARTIntClear)
                  00001476    00000004     rtsv7M4_T_le_v4SPD16_eabi.lib : pre_init.c.obj (.text:_system_pre_init)
                  0000147a    00000004                                   : exit.c.obj (.text:abort:abort)

.const     0    00001480    00000238     
                  00001480    0000009c     driverlib.lib : interrupt.obj (.const:g_pui32Regs)
                  0000151c    00000090                   : gpio.obj (.const:g_pui32GPIOBaseAddrs)
                  000015ac    00000070                   : interrupt.obj (.const)
                  0000161c    0000006c                   : sysctl.obj (.const:g_pui32Xtals)
                  00001688    00000012     uartstdio.obj (.const:.string)
                  0000169a    00000002     --HOLE-- [fill = 0]
                  0000169c    0000000c     uartstdio.obj (.const:g_ui32UARTBase)
                  000016a8    0000000c     uartstdio.obj (.const:g_ui32UARTPeriph)
                  000016b4    00000004     uartstdio.obj (.const)

.cinit     0    000016b8    00000058     
                  000016b8    0000001f     (.cinit..data.load) [load image, compression = lzss]
                  000016d7    00000001     --HOLE-- [fill = 0]
                  000016d8    0000000c     (__TI_handler_table)
                  000016e4    00000004     --HOLE-- [fill = 0]
                  000016e8    00000008     (.cinit..bss.load) [load image, compression = zero_init]
                  000016f0    00000008     (.cinit..vtable.load) [load image, compression = zero_init]
                  000016f8    00000018     (__TI_cinit_table)

.init_array 
*          0    00000000    00000000     UNINITIALIZED

.vtable    0    20000000    0000026c     UNINITIALIZED
                  20000000    0000026c     driverlib.lib : interrupt.obj (.vtable)

.data      0    20000470    00000025     UNINITIALIZED
                  20000470    00000012     main.obj (.data:DISP)
                  20000482    00000002     --HOLE--
                  20000484    00000009     main.obj (.data)
                  2000048d    00000003     --HOLE--
                  20000490    00000005     uartstdio.obj (.data)

.bss       0    20000498    0000000a     UNINITIALIZED
                  20000498    00000004     (.common:FSM)
                  2000049c    00000001     (.common:LED1)
                  2000049d    00000001     (.common:LED2)
                  2000049e    00000001     (.common:LED3)
                  2000049f    00000001     (.common:LED4)
                  200004a0    00000001     (.common:ST7SEG)
                  200004a1    00000001     (.common:consola)

.stack     0    20000270    00000200     UNINITIALIZED
                  20000270    00000004     rtsv7M4_T_le_v4SPD16_eabi.lib : boot_cortex_m.c.obj (.stack)
                  20000274    000001fc     --HOLE--

__llvm_prf_cnts 
*          0    20000000    00000000     UNINITIALIZED

MODULE SUMMARY

       Module                         code   ro data   rw data
       ------                         ----   -------   -------
    .\
       uartstdio.obj                  1244   46        5      
       main.obj                       1252   0         37     
       tm4c123gh6pm_startup_ccs.obj   12     620       0      
    +--+------------------------------+------+---------+---------+
       Total:                         2508   666       42     
                                                              
    C:/ti/TivaWare_C_Series-2.1.4.178/driverlib/ccs/Debug/driverlib.lib
       interrupt.obj                  208    268       620    
       sysctl.obj                     574    108       0      
       gpio.obj                       524    144       0      
       uart.obj                       164    0         0      
       timer.obj                      136    0         0      
       cpu.obj                        12     0         0      
    +--+------------------------------+------+---------+---------+
       Total:                         1618   520       620    
                                                              
    C:\ti\ccs1210\ccs\tools\compiler\ti-cgt-arm_20.2.7.LTS\lib\rtsv7M4_T_le_v4SPD16_eabi.lib
       memcpy_t2.asm.obj              156    0         0      
       copy_decompress_lzss.c.obj     104    0         0      
       autoinit.c.obj                 68     0         0      
       u_divt2.asm.obj                64     0         0      
       boot_cortex_m.c.obj            52     0         0      
       copy_zero_init.c.obj           28     0         0      
       copy_decompress_none.c.obj     14     0         0      
       exit.c.obj                     4      0         0      
       pre_init.c.obj                 4      0         0      
       div0.asm.obj                   2      0         0      
    +--+------------------------------+------+---------+---------+
       Total:                         496    0         0      
                                                              
       Stack:                         0      0         512    
       Linker Generated:              0      83        0      
    +--+------------------------------+------+---------+---------+
       Grand Total:                   4622   1269      1174   


LINKER GENERATED COPY TABLES

__TI_cinit_table @ 000016f8 records: 3, size/record: 8, table size: 24
	.data: load addr=000016b8, load size=0000001f bytes, run addr=20000470, run size=00000025 bytes, compression=lzss
	.bss: load addr=000016e8, load size=00000008 bytes, run addr=20000498, run size=0000000a bytes, compression=zero_init
	.vtable: load addr=000016f0, load size=00000008 bytes, run addr=20000000, run size=0000026c bytes, compression=zero_init


LINKER GENERATED HANDLER TABLE

__TI_handler_table @ 000016d8 records: 3, size/record: 4, table size: 12
	index: 0, handler: __TI_zero_init
	index: 1, handler: __TI_decompress_lzss
	index: 2, handler: __TI_decompress_none


GLOBAL SYMBOLS: SORTED ALPHABETICALLY BY Name 

address   name                          
-------   ----                          
2000048c  BT_COUNT                      
0000147b  C$$EXIT                       
000002e3  CONFIG                        
00001409  CPUcpsie                      
20000470  DISP                          
20000498  FSM                           
000012e1  GPIODirModeSet                
0000145b  GPIOIntClear                  
00001415  GPIOIntEnable                 
000013df  GPIOIntStatus                 
00000c2d  GPIOPadConfigSet              
00001131  GPIOPinConfigure              
00001461  GPIOPinRead                   
00001399  GPIOPinTypeGPIOInput          
0000136d  GPIOPinTypeGPIOOutput         
000013ab  GPIOPinTypeUART               
00001467  GPIOPinWrite                  
00001001  IntEnable                     
000013cf  IntMasterEnable               
0000130d  IntPrioritySet                
00001245  IntRegister                   
2000049c  LED1                          
2000049d  LED2                          
2000049e  LED3                          
2000049f  LED4                          
000003e7  PB                            
00001421  ResetISR                      
000003af  SET_TIMER0                    
0000035b  SET_UART                      
200004a0  ST7SEG                        
20000488  STLED0                        
20000489  STLED1                        
2000048a  STLED2                        
2000048b  STLED3                        
00000d61  SysCtlClockGet                
00000e71  SysCtlClockSet                
0000146d  SysCtlDelay                   
00001279  SysCtlPeripheralEnable        
000010d1  TimerConfigure                
000013ed  TimerEnable                   
0000144b  TimerIntEnable                
000013bd  TimerLoadSet                  
0000142d  UARTCharGet                   
00001437  UARTCharPut                   
00001179  UARTConfigSetExpClk           
00001331  UARTDisable                   
00001385  UARTEnable                    
00001441  UARTFIFODisable               
00001473  UARTIntClear                  
00001453  UARTIntEnable                 
00000751  UARTStdioConfig               
000008c9  UARTgetc                      
00000803  UARTgets                      
0000052d  UARTint                       
00000bf7  UARTprintf                    
000008fd  UARTvprintf                   
000007b1  UARTwrite                     
20000470  __STACK_END                   
00000200  __STACK_SIZE                  
20000470  __STACK_TOP                   
000016f8  __TI_CINIT_Base               
00001710  __TI_CINIT_Limit              
000016d8  __TI_Handler_Table_Base       
000016e4  __TI_Handler_Table_Limit      
000011c1  __TI_auto_init_nobinit_nopinit
00001069  __TI_decompress_lzss          
000013fb  __TI_decompress_none          
ffffffff  __TI_pprof_out_hndl           
ffffffff  __TI_prof_data_size           
ffffffff  __TI_prof_data_start          
00000000  __TI_static_base__            
00001351  __TI_zero_init_nomemset       
00000d5f  __aeabi_idiv0                 
00000d5f  __aeabi_ldiv0                 
00000f65  __aeabi_memcpy                
00000f65  __aeabi_memcpy4               
00000f65  __aeabi_memcpy8               
00001205  __aeabi_uidiv                 
00001205  __aeabi_uidivmod              
ffffffff  __binit__                     
ffffffff  __c_args__                    
UNDEFED   __mpu_init                    
20000270  __stack                       
20000000  __start___llvm_prf_cnts       
20000000  __stop___llvm_prf_cnts        
000012ad  _c_int00_noargs               
UNDEFED   _system_post_cinit            
00001477  _system_pre_init              
0000147b  abort                         
ffffffff  binit                         
200004a1  consola                       
20000000  g_pfnRAMVectors               
00000000  g_pfnVectors                  
20000484  i                             
0000026d  main                          
00000f65  memcpy                        


GLOBAL SYMBOLS: SORTED BY Symbol Address 

address   name                          
-------   ----                          
00000000  __TI_static_base__            
00000000  g_pfnVectors                  
00000200  __STACK_SIZE                  
0000026d  main                          
000002e3  CONFIG                        
0000035b  SET_UART                      
000003af  SET_TIMER0                    
000003e7  PB                            
0000052d  UARTint                       
00000751  UARTStdioConfig               
000007b1  UARTwrite                     
00000803  UARTgets                      
000008c9  UARTgetc                      
000008fd  UARTvprintf                   
00000bf7  UARTprintf                    
00000c2d  GPIOPadConfigSet              
00000d5f  __aeabi_idiv0                 
00000d5f  __aeabi_ldiv0                 
00000d61  SysCtlClockGet                
00000e71  SysCtlClockSet                
00000f65  __aeabi_memcpy                
00000f65  __aeabi_memcpy4               
00000f65  __aeabi_memcpy8               
00000f65  memcpy                        
00001001  IntEnable                     
00001069  __TI_decompress_lzss          
000010d1  TimerConfigure                
00001131  GPIOPinConfigure              
00001179  UARTConfigSetExpClk           
000011c1  __TI_auto_init_nobinit_nopinit
00001205  __aeabi_uidiv                 
00001205  __aeabi_uidivmod              
00001245  IntRegister                   
00001279  SysCtlPeripheralEnable        
000012ad  _c_int00_noargs               
000012e1  GPIODirModeSet                
0000130d  IntPrioritySet                
00001331  UARTDisable                   
00001351  __TI_zero_init_nomemset       
0000136d  GPIOPinTypeGPIOOutput         
00001385  UARTEnable                    
00001399  GPIOPinTypeGPIOInput          
000013ab  GPIOPinTypeUART               
000013bd  TimerLoadSet                  
000013cf  IntMasterEnable               
000013df  GPIOIntStatus                 
000013ed  TimerEnable                   
000013fb  __TI_decompress_none          
00001409  CPUcpsie                      
00001415  GPIOIntEnable                 
00001421  ResetISR                      
0000142d  UARTCharGet                   
00001437  UARTCharPut                   
00001441  UARTFIFODisable               
0000144b  TimerIntEnable                
00001453  UARTIntEnable                 
0000145b  GPIOIntClear                  
00001461  GPIOPinRead                   
00001467  GPIOPinWrite                  
0000146d  SysCtlDelay                   
00001473  UARTIntClear                  
00001477  _system_pre_init              
0000147b  C$$EXIT                       
0000147b  abort                         
000016d8  __TI_Handler_Table_Base       
000016e4  __TI_Handler_Table_Limit      
000016f8  __TI_CINIT_Base               
00001710  __TI_CINIT_Limit              
20000000  __start___llvm_prf_cnts       
20000000  __stop___llvm_prf_cnts        
20000000  g_pfnRAMVectors               
20000270  __stack                       
20000470  DISP                          
20000470  __STACK_END                   
20000470  __STACK_TOP                   
20000484  i                             
20000488  STLED0                        
20000489  STLED1                        
2000048a  STLED2                        
2000048b  STLED3                        
2000048c  BT_COUNT                      
20000498  FSM                           
2000049c  LED1                          
2000049d  LED2                          
2000049e  LED3                          
2000049f  LED4                          
200004a0  ST7SEG                        
200004a1  consola                       
ffffffff  __TI_pprof_out_hndl           
ffffffff  __TI_prof_data_size           
ffffffff  __TI_prof_data_start          
ffffffff  __binit__                     
ffffffff  __c_args__                    
ffffffff  binit                         
UNDEFED   __mpu_init                    
UNDEFED   _system_post_cinit            

[96 symbols]
