<?xml version="1.0" encoding="ISO-8859-1" ?>
<link_info>
   <banner>TI ARM Linker PC v20.2.7.LTS</banner>
   <copyright>Copyright (c) 1996-2018 Texas Instruments Incorporated</copyright>
   <link_time>0x63806381</link_time>
   <link_errors>0x0</link_errors>
   <output_file>Tiva_P3.out</output_file>
   <entry_point>
      <name>_c_int00_noargs</name>
      <address>0x12ad</address>
   </entry_point>
   <input_file_list>
      <input_file id="fl-2">
         <path>.\</path>
         <kind>object</kind>
         <file>main.obj</file>
         <name>main.obj</name>
      </input_file>
      <input_file id="fl-3">
         <path>.\</path>
         <kind>object</kind>
         <file>tm4c123gh6pm_startup_ccs.obj</file>
         <name>tm4c123gh6pm_startup_ccs.obj</name>
      </input_file>
      <input_file id="fl-4">
         <path>.\</path>
         <kind>object</kind>
         <file>uartstdio.obj</file>
         <name>uartstdio.obj</name>
      </input_file>
      <input_file id="fl-9">
         <kind>object</kind>
         <file>&lt;internal&gt;</file>
         <name>&lt;internal&gt;</name>
      </input_file>
      <input_file id="fl-a">
         <path>C:\ti\TivaWare_C_Series-2.1.4.178\driverlib\ccs\Debug\</path>
         <kind>archive</kind>
         <file>driverlib.lib</file>
         <name>gpio.obj</name>
      </input_file>
      <input_file id="fl-b">
         <path>C:\ti\TivaWare_C_Series-2.1.4.178\driverlib\ccs\Debug\</path>
         <kind>archive</kind>
         <file>driverlib.lib</file>
         <name>interrupt.obj</name>
      </input_file>
      <input_file id="fl-c">
         <path>C:\ti\TivaWare_C_Series-2.1.4.178\driverlib\ccs\Debug\</path>
         <kind>archive</kind>
         <file>driverlib.lib</file>
         <name>sysctl.obj</name>
      </input_file>
      <input_file id="fl-d">
         <path>C:\ti\TivaWare_C_Series-2.1.4.178\driverlib\ccs\Debug\</path>
         <kind>archive</kind>
         <file>driverlib.lib</file>
         <name>timer.obj</name>
      </input_file>
      <input_file id="fl-e">
         <path>C:\ti\TivaWare_C_Series-2.1.4.178\driverlib\ccs\Debug\</path>
         <kind>archive</kind>
         <file>driverlib.lib</file>
         <name>uart.obj</name>
      </input_file>
      <input_file id="fl-f">
         <path>C:\ti\TivaWare_C_Series-2.1.4.178\driverlib\ccs\Debug\</path>
         <kind>archive</kind>
         <file>driverlib.lib</file>
         <name>cpu.obj</name>
      </input_file>
      <input_file id="fl-c5">
         <path>C:\ti\ccs1210\ccs\tools\compiler\ti-cgt-arm_20.2.7.LTS\lib\</path>
         <kind>archive</kind>
         <file>rtsv7M4_T_le_v4SPD16_eabi.lib</file>
         <name>u_divt2.asm.obj</name>
      </input_file>
      <input_file id="fl-c6">
         <path>C:\ti\ccs1210\ccs\tools\compiler\ti-cgt-arm_20.2.7.LTS\lib\</path>
         <kind>archive</kind>
         <file>rtsv7M4_T_le_v4SPD16_eabi.lib</file>
         <name>copy_zero_init.c.obj</name>
      </input_file>
      <input_file id="fl-c7">
         <path>C:\ti\ccs1210\ccs\tools\compiler\ti-cgt-arm_20.2.7.LTS\lib\</path>
         <kind>archive</kind>
         <file>rtsv7M4_T_le_v4SPD16_eabi.lib</file>
         <name>copy_decompress_none.c.obj</name>
      </input_file>
      <input_file id="fl-c8">
         <path>C:\ti\ccs1210\ccs\tools\compiler\ti-cgt-arm_20.2.7.LTS\lib\</path>
         <kind>archive</kind>
         <file>rtsv7M4_T_le_v4SPD16_eabi.lib</file>
         <name>copy_decompress_lzss.c.obj</name>
      </input_file>
      <input_file id="fl-c9">
         <path>C:\ti\ccs1210\ccs\tools\compiler\ti-cgt-arm_20.2.7.LTS\lib\</path>
         <kind>archive</kind>
         <file>rtsv7M4_T_le_v4SPD16_eabi.lib</file>
         <name>boot_cortex_m.c.obj</name>
      </input_file>
      <input_file id="fl-ca">
         <path>C:\ti\ccs1210\ccs\tools\compiler\ti-cgt-arm_20.2.7.LTS\lib\</path>
         <kind>archive</kind>
         <file>rtsv7M4_T_le_v4SPD16_eabi.lib</file>
         <name>div0.asm.obj</name>
      </input_file>
      <input_file id="fl-cb">
         <path>C:\ti\ccs1210\ccs\tools\compiler\ti-cgt-arm_20.2.7.LTS\lib\</path>
         <kind>archive</kind>
         <file>rtsv7M4_T_le_v4SPD16_eabi.lib</file>
         <name>memcpy_t2.asm.obj</name>
      </input_file>
      <input_file id="fl-cc">
         <path>C:\ti\ccs1210\ccs\tools\compiler\ti-cgt-arm_20.2.7.LTS\lib\</path>
         <kind>archive</kind>
         <file>rtsv7M4_T_le_v4SPD16_eabi.lib</file>
         <name>memset_t2.asm.obj</name>
      </input_file>
      <input_file id="fl-cd">
         <path>C:\ti\ccs1210\ccs\tools\compiler\ti-cgt-arm_20.2.7.LTS\lib\</path>
         <kind>archive</kind>
         <file>rtsv7M4_T_le_v4SPD16_eabi.lib</file>
         <name>autoinit.c.obj</name>
      </input_file>
      <input_file id="fl-ce">
         <path>C:\ti\ccs1210\ccs\tools\compiler\ti-cgt-arm_20.2.7.LTS\lib\</path>
         <kind>archive</kind>
         <file>rtsv7M4_T_le_v4SPD16_eabi.lib</file>
         <name>pre_init.c.obj</name>
      </input_file>
      <input_file id="fl-cf">
         <path>C:\ti\ccs1210\ccs\tools\compiler\ti-cgt-arm_20.2.7.LTS\lib\</path>
         <kind>archive</kind>
         <file>rtsv7M4_T_le_v4SPD16_eabi.lib</file>
         <name>cpy_tbl.c.obj</name>
      </input_file>
      <input_file id="fl-d0">
         <path>C:\ti\ccs1210\ccs\tools\compiler\ti-cgt-arm_20.2.7.LTS\lib\</path>
         <kind>archive</kind>
         <file>rtsv7M4_T_le_v4SPD16_eabi.lib</file>
         <name>exit.c.obj</name>
      </input_file>
      <input_file id="fl-d1">
         <path>C:\ti\ccs1210\ccs\tools\compiler\ti-cgt-arm_20.2.7.LTS\lib\</path>
         <kind>archive</kind>
         <file>rtsv7M4_T_le_v4SPD16_eabi.lib</file>
         <name>_lock.c.obj</name>
      </input_file>
      <input_file id="fl-d2">
         <path>C:\ti\ccs1210\ccs\tools\compiler\ti-cgt-arm_20.2.7.LTS\lib\</path>
         <kind>archive</kind>
         <file>rtsv7M4_T_le_v4SPD16_eabi.lib</file>
         <name>args_main.c.obj</name>
      </input_file>
   </input_file_list>
   <object_component_list>
      <object_component id="oc-12">
         <name>.intvecs</name>
         <load_address>0x0</load_address>
         <run_address>0x0</run_address>
         <size>0x26c</size>
         <input_file_ref idref="fl-3"/>
      </object_component>
      <object_component id="oc-2d">
         <name>.text</name>
         <load_address>0x26c</load_address>
         <run_address>0x26c</run_address>
         <size>0x4e4</size>
         <input_file_ref idref="fl-2"/>
      </object_component>
      <object_component id="oc-bc">
         <name>.text</name>
         <load_address>0x750</load_address>
         <run_address>0x750</run_address>
         <size>0x4dc</size>
         <input_file_ref idref="fl-4"/>
      </object_component>
      <object_component id="oc-9e">
         <name>.text:GPIOPadConfigSet</name>
         <load_address>0xc2c</load_address>
         <run_address>0xc2c</run_address>
         <size>0x132</size>
         <input_file_ref idref="fl-a"/>
      </object_component>
      <object_component id="oc-241">
         <name>.text</name>
         <load_address>0xd5e</load_address>
         <run_address>0xd5e</run_address>
         <size>0x2</size>
         <input_file_ref idref="fl-ca"/>
      </object_component>
      <object_component id="oc-ce">
         <name>.text:SysCtlClockGet</name>
         <load_address>0xd60</load_address>
         <run_address>0xd60</run_address>
         <size>0x110</size>
         <input_file_ref idref="fl-c"/>
      </object_component>
      <object_component id="oc-86">
         <name>.text:SysCtlClockSet</name>
         <load_address>0xe70</load_address>
         <run_address>0xe70</run_address>
         <size>0xf4</size>
         <input_file_ref idref="fl-c"/>
      </object_component>
      <object_component id="oc-41">
         <name>.text</name>
         <load_address>0xf64</load_address>
         <run_address>0xf64</run_address>
         <size>0x9c</size>
         <input_file_ref idref="fl-cb"/>
      </object_component>
      <object_component id="oc-b6">
         <name>.text:IntEnable</name>
         <load_address>0x1000</load_address>
         <run_address>0x1000</run_address>
         <size>0x68</size>
         <input_file_ref idref="fl-b"/>
      </object_component>
      <object_component id="oc-15">
         <name>.text:decompress:lzss:__TI_decompress_lzss</name>
         <load_address>0x1068</load_address>
         <run_address>0x1068</run_address>
         <size>0x68</size>
         <input_file_ref idref="fl-c8"/>
      </object_component>
      <object_component id="oc-e6">
         <name>.text:TimerConfigure</name>
         <load_address>0x10d0</load_address>
         <run_address>0x10d0</run_address>
         <size>0x60</size>
         <input_file_ref idref="fl-d"/>
      </object_component>
      <object_component id="oc-c2">
         <name>.text:GPIOPinConfigure</name>
         <load_address>0x1130</load_address>
         <run_address>0x1130</run_address>
         <size>0x48</size>
         <input_file_ref idref="fl-a"/>
      </object_component>
      <object_component id="oc-d4">
         <name>.text:UARTConfigSetExpClk</name>
         <load_address>0x1178</load_address>
         <run_address>0x1178</run_address>
         <size>0x46</size>
         <input_file_ref idref="fl-e"/>
      </object_component>
      <object_component id="oc-1f6">
         <name>.text:__TI_auto_init_nobinit_nopinit:__TI_auto_init_nobinit_nopinit</name>
         <load_address>0x11c0</load_address>
         <run_address>0x11c0</run_address>
         <size>0x44</size>
         <input_file_ref idref="fl-cd"/>
      </object_component>
      <object_component id="oc-19d">
         <name>.text</name>
         <load_address>0x1204</load_address>
         <run_address>0x1204</run_address>
         <size>0x40</size>
         <input_file_ref idref="fl-c5"/>
      </object_component>
      <object_component id="oc-b0">
         <name>.text:IntRegister</name>
         <load_address>0x1244</load_address>
         <run_address>0x1244</run_address>
         <size>0x34</size>
         <input_file_ref idref="fl-b"/>
      </object_component>
      <object_component id="oc-8c">
         <name>.text:SysCtlPeripheralEnable</name>
         <load_address>0x1278</load_address>
         <run_address>0x1278</run_address>
         <size>0x34</size>
         <input_file_ref idref="fl-c"/>
      </object_component>
      <object_component id="oc-5f">
         <name>.text:_c_int00_noargs:_c_int00_noargs</name>
         <load_address>0x12ac</load_address>
         <run_address>0x12ac</run_address>
         <size>0x34</size>
         <input_file_ref idref="fl-c9"/>
      </object_component>
      <object_component id="oc-17d">
         <name>.text:GPIODirModeSet</name>
         <load_address>0x12e0</load_address>
         <run_address>0x12e0</run_address>
         <size>0x2a</size>
         <input_file_ref idref="fl-a"/>
      </object_component>
      <object_component id="oc-aa">
         <name>.text:IntPrioritySet</name>
         <load_address>0x130c</load_address>
         <run_address>0x130c</run_address>
         <size>0x24</size>
         <input_file_ref idref="fl-b"/>
      </object_component>
      <object_component id="oc-1b5">
         <name>.text:UARTDisable</name>
         <load_address>0x1330</load_address>
         <run_address>0x1330</run_address>
         <size>0x20</size>
         <input_file_ref idref="fl-e"/>
      </object_component>
      <object_component id="oc-4d">
         <name>.text:decompress:ZI:__TI_zero_init_nomemset:__TI_zero_init_nomemset</name>
         <load_address>0x1350</load_address>
         <run_address>0x1350</run_address>
         <size>0x1c</size>
         <input_file_ref idref="fl-c6"/>
      </object_component>
      <object_component id="oc-98">
         <name>.text:GPIOPinTypeGPIOOutput</name>
         <load_address>0x136c</load_address>
         <run_address>0x136c</run_address>
         <size>0x18</size>
         <input_file_ref idref="fl-a"/>
      </object_component>
      <object_component id="oc-1bb">
         <name>.text:UARTEnable</name>
         <load_address>0x1384</load_address>
         <run_address>0x1384</run_address>
         <size>0x14</size>
         <input_file_ref idref="fl-e"/>
      </object_component>
      <object_component id="oc-92">
         <name>.text:GPIOPinTypeGPIOInput</name>
         <load_address>0x1398</load_address>
         <run_address>0x1398</run_address>
         <size>0x12</size>
         <input_file_ref idref="fl-a"/>
      </object_component>
      <object_component id="oc-c8">
         <name>.text:GPIOPinTypeUART</name>
         <load_address>0x13aa</load_address>
         <run_address>0x13aa</run_address>
         <size>0x12</size>
         <input_file_ref idref="fl-a"/>
      </object_component>
      <object_component id="oc-ec">
         <name>.text:TimerLoadSet</name>
         <load_address>0x13bc</load_address>
         <run_address>0x13bc</run_address>
         <size>0x12</size>
         <input_file_ref idref="fl-d"/>
      </object_component>
      <object_component id="oc-74">
         <name>.text:IntMasterEnable</name>
         <load_address>0x13ce</load_address>
         <run_address>0x13ce</run_address>
         <size>0x10</size>
         <input_file_ref idref="fl-b"/>
      </object_component>
      <object_component id="oc-104">
         <name>.text:GPIOIntStatus</name>
         <load_address>0x13de</load_address>
         <run_address>0x13de</run_address>
         <size>0xe</size>
         <input_file_ref idref="fl-a"/>
      </object_component>
      <object_component id="oc-f8">
         <name>.text:TimerEnable</name>
         <load_address>0x13ec</load_address>
         <run_address>0x13ec</run_address>
         <size>0xe</size>
         <input_file_ref idref="fl-d"/>
      </object_component>
      <object_component id="oc-1b">
         <name>.text:decompress:none:__TI_decompress_none</name>
         <load_address>0x13fa</load_address>
         <run_address>0x13fa</run_address>
         <size>0xe</size>
         <input_file_ref idref="fl-c7"/>
      </object_component>
      <object_component id="oc-16a">
         <name>.text:CPUcpsie</name>
         <load_address>0x1408</load_address>
         <run_address>0x1408</run_address>
         <size>0xc</size>
         <input_file_ref idref="fl-f"/>
      </object_component>
      <object_component id="oc-a4">
         <name>.text:GPIOIntEnable</name>
         <load_address>0x1414</load_address>
         <run_address>0x1414</run_address>
         <size>0xc</size>
         <input_file_ref idref="fl-a"/>
      </object_component>
      <object_component id="oc-27">
         <name>.text</name>
         <load_address>0x1420</load_address>
         <run_address>0x1420</run_address>
         <size>0xc</size>
         <input_file_ref idref="fl-3"/>
      </object_component>
      <object_component id="oc-11f">
         <name>.text:UARTCharGet</name>
         <load_address>0x142c</load_address>
         <run_address>0x142c</run_address>
         <size>0xa</size>
         <input_file_ref idref="fl-e"/>
      </object_component>
      <object_component id="oc-10a">
         <name>.text:UARTCharPut</name>
         <load_address>0x1436</load_address>
         <run_address>0x1436</run_address>
         <size>0xa</size>
         <input_file_ref idref="fl-e"/>
      </object_component>
      <object_component id="oc-da">
         <name>.text:UARTFIFODisable</name>
         <load_address>0x1440</load_address>
         <run_address>0x1440</run_address>
         <size>0xa</size>
         <input_file_ref idref="fl-e"/>
      </object_component>
      <object_component id="oc-f2">
         <name>.text:TimerIntEnable</name>
         <load_address>0x144a</load_address>
         <run_address>0x144a</run_address>
         <size>0x8</size>
         <input_file_ref idref="fl-d"/>
      </object_component>
      <object_component id="oc-e0">
         <name>.text:UARTIntEnable</name>
         <load_address>0x1452</load_address>
         <run_address>0x1452</run_address>
         <size>0x8</size>
         <input_file_ref idref="fl-e"/>
      </object_component>
      <object_component id="oc-fe">
         <name>.text:GPIOIntClear</name>
         <load_address>0x145a</load_address>
         <run_address>0x145a</run_address>
         <size>0x6</size>
         <input_file_ref idref="fl-a"/>
      </object_component>
      <object_component id="oc-7a">
         <name>.text:GPIOPinRead</name>
         <load_address>0x1460</load_address>
         <run_address>0x1460</run_address>
         <size>0x6</size>
         <input_file_ref idref="fl-a"/>
      </object_component>
      <object_component id="oc-80">
         <name>.text:GPIOPinWrite</name>
         <load_address>0x1466</load_address>
         <run_address>0x1466</run_address>
         <size>0x6</size>
         <input_file_ref idref="fl-a"/>
      </object_component>
      <object_component id="oc-179">
         <name>.text:SysCtlDelay</name>
         <load_address>0x146c</load_address>
         <run_address>0x146c</run_address>
         <size>0x6</size>
         <input_file_ref idref="fl-c"/>
      </object_component>
      <object_component id="oc-119">
         <name>.text:UARTIntClear</name>
         <load_address>0x1472</load_address>
         <run_address>0x1472</run_address>
         <size>0x4</size>
         <input_file_ref idref="fl-e"/>
      </object_component>
      <object_component id="oc-158">
         <name>.text:_system_pre_init</name>
         <load_address>0x1476</load_address>
         <run_address>0x1476</run_address>
         <size>0x4</size>
         <input_file_ref idref="fl-ce"/>
      </object_component>
      <object_component id="oc-1ea">
         <name>.text:abort:abort</name>
         <load_address>0x147a</load_address>
         <run_address>0x147a</run_address>
         <size>0x4</size>
         <input_file_ref idref="fl-d0"/>
      </object_component>
      <object_component id="oc-187">
         <name>.const:g_pui32Regs</name>
         <load_address>0x1480</load_address>
         <run_address>0x1480</run_address>
         <size>0x9c</size>
         <input_file_ref idref="fl-b"/>
      </object_component>
      <object_component id="oc-1ac">
         <name>.const:g_pui32GPIOBaseAddrs</name>
         <load_address>0x151c</load_address>
         <run_address>0x151c</run_address>
         <size>0x90</size>
         <input_file_ref idref="fl-a"/>
      </object_component>
      <object_component id="oc-190">
         <name>.const</name>
         <load_address>0x15ac</load_address>
         <run_address>0x15ac</run_address>
         <size>0x70</size>
         <input_file_ref idref="fl-b"/>
      </object_component>
      <object_component id="oc-1b1">
         <name>.const:g_pui32Xtals</name>
         <load_address>0x161c</load_address>
         <run_address>0x161c</run_address>
         <size>0x6c</size>
         <input_file_ref idref="fl-c"/>
      </object_component>
      <object_component id="oc-247">
         <name>.const:.string</name>
         <load_address>0x1688</load_address>
         <run_address>0x1688</run_address>
         <size>0x12</size>
         <input_file_ref idref="fl-4"/>
      </object_component>
      <object_component id="oc-19a">
         <name>.const:g_ui32UARTBase</name>
         <load_address>0x169c</load_address>
         <run_address>0x169c</run_address>
         <size>0xc</size>
         <input_file_ref idref="fl-4"/>
      </object_component>
      <object_component id="oc-194">
         <name>.const:g_ui32UARTPeriph</name>
         <load_address>0x16a8</load_address>
         <run_address>0x16a8</run_address>
         <size>0xc</size>
         <input_file_ref idref="fl-4"/>
      </object_component>
      <object_component id="oc-1a2">
         <name>.const</name>
         <load_address>0x16b4</load_address>
         <run_address>0x16b4</run_address>
         <size>0x4</size>
         <input_file_ref idref="fl-4"/>
      </object_component>
      <object_component id="oc-2d3">
         <name>.cinit..data.load</name>
         <load_address>0x16b8</load_address>
         <run_address>0x16b8</run_address>
         <size>0x1f</size>
      </object_component>
      <object_component id="oc-2d0">
         <name>__TI_handler_table</name>
         <load_address>0x16d8</load_address>
         <run_address>0x16d8</run_address>
         <size>0xc</size>
      </object_component>
      <object_component id="oc-2d4">
         <name>.cinit..bss.load</name>
         <load_address>0x16e8</load_address>
         <run_address>0x16e8</run_address>
         <size>0x8</size>
      </object_component>
      <object_component id="oc-2d2">
         <name>.cinit..vtable.load</name>
         <load_address>0x16f0</load_address>
         <run_address>0x16f0</run_address>
         <size>0x8</size>
      </object_component>
      <object_component id="oc-2d1">
         <name>__TI_cinit_table</name>
         <load_address>0x16f8</load_address>
         <run_address>0x16f8</run_address>
         <size>0x18</size>
      </object_component>
      <object_component id="oc-18c">
         <name>.vtable</name>
         <uninitialized>true</uninitialized>
         <run_address>0x20000000</run_address>
         <size>0x26c</size>
         <input_file_ref idref="fl-b"/>
      </object_component>
      <object_component id="oc-126">
         <name>.data</name>
         <load_address>0x20000484</load_address>
         <run_address>0x20000484</run_address>
         <size>0x9</size>
         <input_file_ref idref="fl-2"/>
      </object_component>
      <object_component id="oc-110">
         <name>.data:DISP</name>
         <load_address>0x20000470</load_address>
         <run_address>0x20000470</run_address>
         <size>0x12</size>
         <input_file_ref idref="fl-2"/>
      </object_component>
      <object_component id="oc-197">
         <name>.data</name>
         <load_address>0x20000490</load_address>
         <run_address>0x20000490</run_address>
         <size>0x5</size>
         <input_file_ref idref="fl-4"/>
      </object_component>
      <object_component id="oc-125">
         <name>.common:FSM</name>
         <uninitialized>true</uninitialized>
         <run_address>0x20000498</run_address>
         <size>0x4</size>
      </object_component>
      <object_component id="oc-12a">
         <name>.common:consola</name>
         <uninitialized>true</uninitialized>
         <run_address>0x200004a1</run_address>
         <size>0x1</size>
      </object_component>
      <object_component id="oc-129">
         <name>.common:ST7SEG</name>
         <uninitialized>true</uninitialized>
         <run_address>0x200004a0</run_address>
         <size>0x1</size>
      </object_component>
      <object_component id="oc-113">
         <name>.common:LED1</name>
         <uninitialized>true</uninitialized>
         <run_address>0x2000049c</run_address>
         <size>0x1</size>
      </object_component>
      <object_component id="oc-116">
         <name>.common:LED2</name>
         <uninitialized>true</uninitialized>
         <run_address>0x2000049d</run_address>
         <size>0x1</size>
      </object_component>
      <object_component id="oc-117">
         <name>.common:LED3</name>
         <uninitialized>true</uninitialized>
         <run_address>0x2000049e</run_address>
         <size>0x1</size>
      </object_component>
      <object_component id="oc-118">
         <name>.common:LED4</name>
         <uninitialized>true</uninitialized>
         <run_address>0x2000049f</run_address>
         <size>0x1</size>
      </object_component>
      <object_component id="oc-24">
         <name>.stack</name>
         <uninitialized>true</uninitialized>
         <run_address>0x20000270</run_address>
         <size>0x4</size>
         <input_file_ref idref="fl-c9"/>
      </object_component>
      <object_component id="oc-2d6">
         <name>.stack</name>
         <uninitialized>true</uninitialized>
         <run_address>0x20000270</run_address>
         <size>0x0</size>
      </object_component>
      <object_component id="oc-114">
         <name>.debug_info</name>
         <load_address>0x0</load_address>
         <run_address>0x0</run_address>
         <size>0x8bc</size>
         <input_file_ref idref="fl-2"/>
      </object_component>
      <object_component id="oc-127">
         <name>.debug_info</name>
         <load_address>0x8bc</load_address>
         <run_address>0x8bc</run_address>
         <size>0x151</size>
         <input_file_ref idref="fl-2"/>
      </object_component>
      <object_component id="oc-111">
         <name>.debug_info</name>
         <load_address>0xa0d</load_address>
         <run_address>0xa0d</run_address>
         <size>0xc2</size>
         <input_file_ref idref="fl-2"/>
      </object_component>
      <object_component id="oc-2f">
         <name>.debug_info</name>
         <load_address>0xacf</load_address>
         <run_address>0xacf</run_address>
         <size>0x701</size>
         <input_file_ref idref="fl-2"/>
      </object_component>
      <object_component id="oc-133">
         <name>.debug_info</name>
         <load_address>0x11d0</load_address>
         <run_address>0x11d0</run_address>
         <size>0x26b</size>
         <input_file_ref idref="fl-2"/>
      </object_component>
      <object_component id="oc-12c">
         <name>.debug_info</name>
         <load_address>0x143b</load_address>
         <run_address>0x143b</run_address>
         <size>0x8b</size>
         <input_file_ref idref="fl-2"/>
      </object_component>
      <object_component id="oc-1d5">
         <name>.debug_info</name>
         <load_address>0x14c6</load_address>
         <run_address>0x14c6</run_address>
         <size>0x2a4</size>
         <input_file_ref idref="fl-2"/>
      </object_component>
      <object_component id="oc-138">
         <name>.debug_info</name>
         <load_address>0x176a</load_address>
         <run_address>0x176a</run_address>
         <size>0xbb</size>
         <input_file_ref idref="fl-2"/>
      </object_component>
      <object_component id="oc-1a7">
         <name>.debug_info</name>
         <load_address>0x1825</load_address>
         <run_address>0x1825</run_address>
         <size>0x2c</size>
         <input_file_ref idref="fl-2"/>
      </object_component>
      <object_component id="oc-35">
         <name>.debug_info</name>
         <load_address>0x1851</load_address>
         <run_address>0x1851</run_address>
         <size>0x2bd</size>
         <input_file_ref idref="fl-3"/>
      </object_component>
      <object_component id="oc-13">
         <name>.debug_info</name>
         <load_address>0x1b0e</load_address>
         <run_address>0x1b0e</run_address>
         <size>0xe6</size>
         <input_file_ref idref="fl-3"/>
      </object_component>
      <object_component id="oc-28">
         <name>.debug_info</name>
         <load_address>0x1bf4</load_address>
         <run_address>0x1bf4</run_address>
         <size>0x262</size>
         <input_file_ref idref="fl-3"/>
      </object_component>
      <object_component id="oc-3c">
         <name>.debug_info</name>
         <load_address>0x1e56</load_address>
         <run_address>0x1e56</run_address>
         <size>0x84</size>
         <input_file_ref idref="fl-3"/>
      </object_component>
      <object_component id="oc-1a6">
         <name>.debug_info</name>
         <load_address>0x1eda</load_address>
         <run_address>0x1eda</run_address>
         <size>0x291</size>
         <input_file_ref idref="fl-4"/>
      </object_component>
      <object_component id="oc-198">
         <name>.debug_info</name>
         <load_address>0x216b</load_address>
         <run_address>0x216b</run_address>
         <size>0xd2</size>
         <input_file_ref idref="fl-4"/>
      </object_component>
      <object_component id="oc-1a3">
         <name>.debug_info</name>
         <load_address>0x223d</load_address>
         <run_address>0x223d</run_address>
         <size>0xcc</size>
         <input_file_ref idref="fl-4"/>
      </object_component>
      <object_component id="oc-19b">
         <name>.debug_info</name>
         <load_address>0x2309</load_address>
         <run_address>0x2309</run_address>
         <size>0xda</size>
         <input_file_ref idref="fl-4"/>
      </object_component>
      <object_component id="oc-195">
         <name>.debug_info</name>
         <load_address>0x23e3</load_address>
         <run_address>0x23e3</run_address>
         <size>0xde</size>
         <input_file_ref idref="fl-4"/>
      </object_component>
      <object_component id="oc-bd">
         <name>.debug_info</name>
         <load_address>0x24c1</load_address>
         <run_address>0x24c1</run_address>
         <size>0x6fa</size>
         <input_file_ref idref="fl-4"/>
      </object_component>
      <object_component id="oc-177">
         <name>.debug_info</name>
         <load_address>0x2bbb</load_address>
         <run_address>0x2bbb</run_address>
         <size>0x240</size>
         <input_file_ref idref="fl-a"/>
      </object_component>
      <object_component id="oc-1ad">
         <name>.debug_info</name>
         <load_address>0x2dfb</load_address>
         <run_address>0x2dfb</run_address>
         <size>0x15b</size>
         <input_file_ref idref="fl-a"/>
      </object_component>
      <object_component id="oc-81">
         <name>.debug_info</name>
         <load_address>0x2f56</load_address>
         <run_address>0x2f56</run_address>
         <size>0x2a3</size>
         <input_file_ref idref="fl-a"/>
      </object_component>
      <object_component id="oc-17e">
         <name>.debug_info</name>
         <load_address>0x31f9</load_address>
         <run_address>0x31f9</run_address>
         <size>0x2b3</size>
         <input_file_ref idref="fl-a"/>
      </object_component>
      <object_component id="oc-9f">
         <name>.debug_info</name>
         <load_address>0x34ac</load_address>
         <run_address>0x34ac</run_address>
         <size>0x316</size>
         <input_file_ref idref="fl-a"/>
      </object_component>
      <object_component id="oc-c9">
         <name>.debug_info</name>
         <load_address>0x37c2</load_address>
         <run_address>0x37c2</run_address>
         <size>0x27b</size>
         <input_file_ref idref="fl-a"/>
      </object_component>
      <object_component id="oc-99">
         <name>.debug_info</name>
         <load_address>0x3a3d</load_address>
         <run_address>0x3a3d</run_address>
         <size>0x2b7</size>
         <input_file_ref idref="fl-a"/>
      </object_component>
      <object_component id="oc-93">
         <name>.debug_info</name>
         <load_address>0x3cf4</load_address>
         <run_address>0x3cf4</run_address>
         <size>0x285</size>
         <input_file_ref idref="fl-a"/>
      </object_component>
      <object_component id="oc-7b">
         <name>.debug_info</name>
         <load_address>0x3f79</load_address>
         <run_address>0x3f79</run_address>
         <size>0x27b</size>
         <input_file_ref idref="fl-a"/>
      </object_component>
      <object_component id="oc-c3">
         <name>.debug_info</name>
         <load_address>0x41f4</load_address>
         <run_address>0x41f4</run_address>
         <size>0x280</size>
         <input_file_ref idref="fl-a"/>
      </object_component>
      <object_component id="oc-105">
         <name>.debug_info</name>
         <load_address>0x4474</load_address>
         <run_address>0x4474</run_address>
         <size>0x27f</size>
         <input_file_ref idref="fl-a"/>
      </object_component>
      <object_component id="oc-a5">
         <name>.debug_info</name>
         <load_address>0x46f3</load_address>
         <run_address>0x46f3</run_address>
         <size>0x28f</size>
         <input_file_ref idref="fl-a"/>
      </object_component>
      <object_component id="oc-100">
         <name>.debug_info</name>
         <load_address>0x4982</load_address>
         <run_address>0x4982</run_address>
         <size>0x28d</size>
         <input_file_ref idref="fl-a"/>
      </object_component>
      <object_component id="oc-172">
         <name>.debug_info</name>
         <load_address>0x4c0f</load_address>
         <run_address>0x4c0f</run_address>
         <size>0x18b</size>
         <input_file_ref idref="fl-a"/>
      </object_component>
      <object_component id="oc-18b">
         <name>.debug_info</name>
         <load_address>0x4d9a</load_address>
         <run_address>0x4d9a</run_address>
         <size>0x20e</size>
         <input_file_ref idref="fl-b"/>
      </object_component>
      <object_component id="oc-191">
         <name>.debug_info</name>
         <load_address>0x4fa8</load_address>
         <run_address>0x4fa8</run_address>
         <size>0x210</size>
         <input_file_ref idref="fl-b"/>
      </object_component>
      <object_component id="oc-188">
         <name>.debug_info</name>
         <load_address>0x51b8</load_address>
         <run_address>0x51b8</run_address>
         <size>0x14e</size>
         <input_file_ref idref="fl-b"/>
      </object_component>
      <object_component id="oc-18d">
         <name>.debug_info</name>
         <load_address>0x5306</load_address>
         <run_address>0x5306</run_address>
         <size>0x157</size>
         <input_file_ref idref="fl-b"/>
      </object_component>
      <object_component id="oc-b1">
         <name>.debug_info</name>
         <load_address>0x545d</load_address>
         <run_address>0x545d</run_address>
         <size>0x2c1</size>
         <input_file_ref idref="fl-b"/>
      </object_component>
      <object_component id="oc-ab">
         <name>.debug_info</name>
         <load_address>0x571e</load_address>
         <run_address>0x571e</run_address>
         <size>0x2c9</size>
         <input_file_ref idref="fl-b"/>
      </object_component>
      <object_component id="oc-75">
         <name>.debug_info</name>
         <load_address>0x59e7</load_address>
         <run_address>0x59e7</run_address>
         <size>0x23e</size>
         <input_file_ref idref="fl-b"/>
      </object_component>
      <object_component id="oc-b7">
         <name>.debug_info</name>
         <load_address>0x5c25</load_address>
         <run_address>0x5c25</run_address>
         <size>0x268</size>
         <input_file_ref idref="fl-b"/>
      </object_component>
      <object_component id="oc-17b">
         <name>.debug_info</name>
         <load_address>0x5e8d</load_address>
         <run_address>0x5e8d</run_address>
         <size>0x298</size>
         <input_file_ref idref="fl-c"/>
      </object_component>
      <object_component id="oc-1b2">
         <name>.debug_info</name>
         <load_address>0x6125</load_address>
         <run_address>0x6125</run_address>
         <size>0x14d</size>
         <input_file_ref idref="fl-c"/>
      </object_component>
      <object_component id="oc-8e">
         <name>.debug_info</name>
         <load_address>0x6272</load_address>
         <run_address>0x6272</run_address>
         <size>0x27d</size>
         <input_file_ref idref="fl-c"/>
      </object_component>
      <object_component id="oc-87">
         <name>.debug_info</name>
         <load_address>0x64ef</load_address>
         <run_address>0x64ef</run_address>
         <size>0x2db</size>
         <input_file_ref idref="fl-c"/>
      </object_component>
      <object_component id="oc-cf">
         <name>.debug_info</name>
         <load_address>0x67ca</load_address>
         <run_address>0x67ca</run_address>
         <size>0x2b5</size>
         <input_file_ref idref="fl-c"/>
      </object_component>
      <object_component id="oc-22d">
         <name>.debug_info</name>
         <load_address>0x6a7f</load_address>
         <run_address>0x6a7f</run_address>
         <size>0x5f</size>
         <input_file_ref idref="fl-c"/>
      </object_component>
      <object_component id="oc-1c6">
         <name>.debug_info</name>
         <load_address>0x6ade</load_address>
         <run_address>0x6ade</run_address>
         <size>0x223</size>
         <input_file_ref idref="fl-d"/>
      </object_component>
      <object_component id="oc-ed">
         <name>.debug_info</name>
         <load_address>0x6d01</load_address>
         <run_address>0x6d01</run_address>
         <size>0x2ba</size>
         <input_file_ref idref="fl-d"/>
      </object_component>
      <object_component id="oc-f4">
         <name>.debug_info</name>
         <load_address>0x6fbb</load_address>
         <run_address>0x6fbb</run_address>
         <size>0x294</size>
         <input_file_ref idref="fl-d"/>
      </object_component>
      <object_component id="oc-fa">
         <name>.debug_info</name>
         <load_address>0x724f</load_address>
         <run_address>0x724f</run_address>
         <size>0x27f</size>
         <input_file_ref idref="fl-d"/>
      </object_component>
      <object_component id="oc-e8">
         <name>.debug_info</name>
         <load_address>0x74ce</load_address>
         <run_address>0x74ce</run_address>
         <size>0x28c</size>
         <input_file_ref idref="fl-d"/>
      </object_component>
      <object_component id="oc-1c2">
         <name>.debug_info</name>
         <load_address>0x775a</load_address>
         <run_address>0x775a</run_address>
         <size>0x227</size>
         <input_file_ref idref="fl-e"/>
      </object_component>
      <object_component id="oc-e1">
         <name>.debug_info</name>
         <load_address>0x7981</load_address>
         <run_address>0x7981</run_address>
         <size>0x28f</size>
         <input_file_ref idref="fl-e"/>
      </object_component>
      <object_component id="oc-11a">
         <name>.debug_info</name>
         <load_address>0x7c10</load_address>
         <run_address>0x7c10</run_address>
         <size>0x28d</size>
         <input_file_ref idref="fl-e"/>
      </object_component>
      <object_component id="oc-db">
         <name>.debug_info</name>
         <load_address>0x7e9d</load_address>
         <run_address>0x7e9d</run_address>
         <size>0x251</size>
         <input_file_ref idref="fl-e"/>
      </object_component>
      <object_component id="oc-1bc">
         <name>.debug_info</name>
         <load_address>0x80ee</load_address>
         <run_address>0x80ee</run_address>
         <size>0x247</size>
         <input_file_ref idref="fl-e"/>
      </object_component>
      <object_component id="oc-1b6">
         <name>.debug_info</name>
         <load_address>0x8335</load_address>
         <run_address>0x8335</run_address>
         <size>0x249</size>
         <input_file_ref idref="fl-e"/>
      </object_component>
      <object_component id="oc-d5">
         <name>.debug_info</name>
         <load_address>0x857e</load_address>
         <run_address>0x857e</run_address>
         <size>0x326</size>
         <input_file_ref idref="fl-e"/>
      </object_component>
      <object_component id="oc-10b">
         <name>.debug_info</name>
         <load_address>0x88a4</load_address>
         <run_address>0x88a4</run_address>
         <size>0x273</size>
         <input_file_ref idref="fl-e"/>
      </object_component>
      <object_component id="oc-120">
         <name>.debug_info</name>
         <load_address>0x8b17</load_address>
         <run_address>0x8b17</run_address>
         <size>0x24d</size>
         <input_file_ref idref="fl-e"/>
      </object_component>
      <object_component id="oc-16b">
         <name>.debug_info</name>
         <load_address>0x8d64</load_address>
         <run_address>0x8d64</run_address>
         <size>0x212</size>
         <input_file_ref idref="fl-f"/>
      </object_component>
      <object_component id="oc-19f">
         <name>.debug_info</name>
         <load_address>0x8f76</load_address>
         <run_address>0x8f76</run_address>
         <size>0x142</size>
         <input_file_ref idref="fl-c5"/>
      </object_component>
      <object_component id="oc-151">
         <name>.debug_info</name>
         <load_address>0x90b8</load_address>
         <run_address>0x90b8</run_address>
         <size>0x2d4</size>
         <input_file_ref idref="fl-c6"/>
      </object_component>
      <object_component id="oc-4e">
         <name>.debug_info</name>
         <load_address>0x938c</load_address>
         <run_address>0x938c</run_address>
         <size>0x1d2</size>
         <input_file_ref idref="fl-c6"/>
      </object_component>
      <object_component id="oc-14c">
         <name>.debug_info</name>
         <load_address>0x955e</load_address>
         <run_address>0x955e</run_address>
         <size>0x46</size>
         <input_file_ref idref="fl-c6"/>
      </object_component>
      <object_component id="oc-1e1">
         <name>.debug_info</name>
         <load_address>0x95a4</load_address>
         <run_address>0x95a4</run_address>
         <size>0x2c</size>
         <input_file_ref idref="fl-c6"/>
      </object_component>
      <object_component id="oc-4c">
         <name>.debug_info</name>
         <load_address>0x95d0</load_address>
         <run_address>0x95d0</run_address>
         <size>0x2a8</size>
         <input_file_ref idref="fl-c7"/>
      </object_component>
      <object_component id="oc-1e">
         <name>.debug_info</name>
         <load_address>0x9878</load_address>
         <run_address>0x9878</run_address>
         <size>0x1ea</size>
         <input_file_ref idref="fl-c7"/>
      </object_component>
      <object_component id="oc-47">
         <name>.debug_info</name>
         <load_address>0x9a62</load_address>
         <run_address>0x9a62</run_address>
         <size>0x46</size>
         <input_file_ref idref="fl-c7"/>
      </object_component>
      <object_component id="oc-144">
         <name>.debug_info</name>
         <load_address>0x9aa8</load_address>
         <run_address>0x9aa8</run_address>
         <size>0x2c</size>
         <input_file_ref idref="fl-c7"/>
      </object_component>
      <object_component id="oc-142">
         <name>.debug_info</name>
         <load_address>0x9ad4</load_address>
         <run_address>0x9ad4</run_address>
         <size>0x29e</size>
         <input_file_ref idref="fl-c8"/>
      </object_component>
      <object_component id="oc-17">
         <name>.debug_info</name>
         <load_address>0x9d72</load_address>
         <run_address>0x9d72</run_address>
         <size>0x250</size>
         <input_file_ref idref="fl-c8"/>
      </object_component>
      <object_component id="oc-37">
         <name>.debug_info</name>
         <load_address>0x9fc2</load_address>
         <run_address>0x9fc2</run_address>
         <size>0x60</size>
         <input_file_ref idref="fl-c8"/>
      </object_component>
      <object_component id="oc-1da">
         <name>.debug_info</name>
         <load_address>0xa022</load_address>
         <run_address>0xa022</run_address>
         <size>0x46</size>
         <input_file_ref idref="fl-c8"/>
      </object_component>
      <object_component id="oc-13d">
         <name>.debug_info</name>
         <load_address>0xa068</load_address>
         <run_address>0xa068</run_address>
         <size>0x39</size>
         <input_file_ref idref="fl-c8"/>
      </object_component>
      <object_component id="oc-25">
         <name>.debug_info</name>
         <load_address>0xa0a1</load_address>
         <run_address>0xa0a1</run_address>
         <size>0x10b</size>
         <input_file_ref idref="fl-c9"/>
      </object_component>
      <object_component id="oc-60">
         <name>.debug_info</name>
         <load_address>0xa1ac</load_address>
         <run_address>0xa1ac</run_address>
         <size>0x1a9</size>
         <input_file_ref idref="fl-c9"/>
      </object_component>
      <object_component id="oc-244">
         <name>.debug_info</name>
         <load_address>0xa355</load_address>
         <run_address>0xa355</run_address>
         <size>0x115</size>
         <input_file_ref idref="fl-ca"/>
      </object_component>
      <object_component id="oc-42">
         <name>.debug_info</name>
         <load_address>0xa46a</load_address>
         <run_address>0xa46a</run_address>
         <size>0x119</size>
         <input_file_ref idref="fl-cb"/>
      </object_component>
      <object_component id="oc-261">
         <name>.debug_info</name>
         <load_address>0xa583</load_address>
         <run_address>0xa583</run_address>
         <size>0x4b3</size>
         <input_file_ref idref="fl-cd"/>
      </object_component>
      <object_component id="oc-1f7">
         <name>.debug_info</name>
         <load_address>0xaa36</load_address>
         <run_address>0xaa36</run_address>
         <size>0x1a6</size>
         <input_file_ref idref="fl-cd"/>
      </object_component>
      <object_component id="oc-287">
         <name>.debug_info</name>
         <load_address>0xabdc</load_address>
         <run_address>0xabdc</run_address>
         <size>0x39</size>
         <input_file_ref idref="fl-cd"/>
      </object_component>
      <object_component id="oc-29b">
         <name>.debug_info</name>
         <load_address>0xac15</load_address>
         <run_address>0xac15</run_address>
         <size>0x39</size>
         <input_file_ref idref="fl-cd"/>
      </object_component>
      <object_component id="oc-28c">
         <name>.debug_info</name>
         <load_address>0xac4e</load_address>
         <run_address>0xac4e</run_address>
         <size>0x39</size>
         <input_file_ref idref="fl-cd"/>
      </object_component>
      <object_component id="oc-291">
         <name>.debug_info</name>
         <load_address>0xac87</load_address>
         <run_address>0xac87</run_address>
         <size>0xcd</size>
         <input_file_ref idref="fl-cd"/>
      </object_component>
      <object_component id="oc-159">
         <name>.debug_info</name>
         <load_address>0xad54</load_address>
         <run_address>0xad54</run_address>
         <size>0x153</size>
         <input_file_ref idref="fl-ce"/>
      </object_component>
      <object_component id="oc-1eb">
         <name>.debug_info</name>
         <load_address>0xaea7</load_address>
         <run_address>0xaea7</run_address>
         <size>0x122</size>
         <input_file_ref idref="fl-d0"/>
      </object_component>
      <object_component id="oc-2d7">
         <name>.debug_info</name>
         <load_address>0xafc9</load_address>
         <run_address>0xafc9</run_address>
         <size>0x99</size>
      </object_component>
      <object_component id="oc-1d0">
         <name>.debug_line</name>
         <load_address>0x0</load_address>
         <run_address>0x0</run_address>
         <size>0x17a</size>
         <input_file_ref idref="fl-2"/>
      </object_component>
      <object_component id="oc-1d4">
         <name>.debug_line</name>
         <load_address>0x17a</load_address>
         <run_address>0x17a</run_address>
         <size>0x2d</size>
         <input_file_ref idref="fl-2"/>
      </object_component>
      <object_component id="oc-1ce">
         <name>.debug_line</name>
         <load_address>0x1a7</load_address>
         <run_address>0x1a7</run_address>
         <size>0x2d</size>
         <input_file_ref idref="fl-2"/>
      </object_component>
      <object_component id="oc-31">
         <name>.debug_line</name>
         <load_address>0x1d4</load_address>
         <run_address>0x1d4</run_address>
         <size>0x1cf</size>
         <input_file_ref idref="fl-2"/>
      </object_component>
      <object_component id="oc-136">
         <name>.debug_line</name>
         <load_address>0x3a3</load_address>
         <run_address>0x3a3</run_address>
         <size>0x6f</size>
         <input_file_ref idref="fl-2"/>
      </object_component>
      <object_component id="oc-12f">
         <name>.debug_line</name>
         <load_address>0x412</load_address>
         <run_address>0x412</run_address>
         <size>0x20</size>
         <input_file_ref idref="fl-2"/>
      </object_component>
      <object_component id="oc-1d8">
         <name>.debug_line</name>
         <load_address>0x432</load_address>
         <run_address>0x432</run_address>
         <size>0x73</size>
         <input_file_ref idref="fl-2"/>
      </object_component>
      <object_component id="oc-13b">
         <name>.debug_line</name>
         <load_address>0x4a5</load_address>
         <run_address>0x4a5</run_address>
         <size>0x70</size>
         <input_file_ref idref="fl-2"/>
      </object_component>
      <object_component id="oc-1aa">
         <name>.debug_line</name>
         <load_address>0x515</load_address>
         <run_address>0x515</run_address>
         <size>0x6b</size>
         <input_file_ref idref="fl-2"/>
      </object_component>
      <object_component id="oc-132">
         <name>.debug_line</name>
         <load_address>0x580</load_address>
         <run_address>0x580</run_address>
         <size>0x41</size>
         <input_file_ref idref="fl-3"/>
      </object_component>
      <object_component id="oc-34">
         <name>.debug_line</name>
         <load_address>0x5c1</load_address>
         <run_address>0x5c1</run_address>
         <size>0x41</size>
         <input_file_ref idref="fl-3"/>
      </object_component>
      <object_component id="oc-2b">
         <name>.debug_line</name>
         <load_address>0x602</load_address>
         <run_address>0x602</run_address>
         <size>0xa1</size>
         <input_file_ref idref="fl-3"/>
      </object_component>
      <object_component id="oc-3f">
         <name>.debug_line</name>
         <load_address>0x6a3</load_address>
         <run_address>0x6a3</run_address>
         <size>0x20</size>
         <input_file_ref idref="fl-3"/>
      </object_component>
      <object_component id="oc-24b">
         <name>.debug_line</name>
         <load_address>0x6c3</load_address>
         <run_address>0x6c3</run_address>
         <size>0x20</size>
         <input_file_ref idref="fl-4"/>
      </object_component>
      <object_component id="oc-23e">
         <name>.debug_line</name>
         <load_address>0x6e3</load_address>
         <run_address>0x6e3</run_address>
         <size>0x32</size>
         <input_file_ref idref="fl-4"/>
      </object_component>
      <object_component id="oc-249">
         <name>.debug_line</name>
         <load_address>0x715</load_address>
         <run_address>0x715</run_address>
         <size>0x32</size>
         <input_file_ref idref="fl-4"/>
      </object_component>
      <object_component id="oc-240">
         <name>.debug_line</name>
         <load_address>0x747</load_address>
         <run_address>0x747</run_address>
         <size>0x32</size>
         <input_file_ref idref="fl-4"/>
      </object_component>
      <object_component id="oc-23c">
         <name>.debug_line</name>
         <load_address>0x779</load_address>
         <run_address>0x779</run_address>
         <size>0x32</size>
         <input_file_ref idref="fl-4"/>
      </object_component>
      <object_component id="oc-c0">
         <name>.debug_line</name>
         <load_address>0x7ab</load_address>
         <run_address>0x7ab</run_address>
         <size>0x26f</size>
         <input_file_ref idref="fl-4"/>
      </object_component>
      <object_component id="oc-22a">
         <name>.debug_line</name>
         <load_address>0xa1a</load_address>
         <run_address>0xa1a</run_address>
         <size>0x82</size>
         <input_file_ref idref="fl-a"/>
      </object_component>
      <object_component id="oc-24d">
         <name>.debug_line</name>
         <load_address>0xa9c</load_address>
         <run_address>0xa9c</run_address>
         <size>0x7d</size>
         <input_file_ref idref="fl-a"/>
      </object_component>
      <object_component id="oc-84">
         <name>.debug_line</name>
         <load_address>0xb19</load_address>
         <run_address>0xb19</run_address>
         <size>0x92</size>
         <input_file_ref idref="fl-a"/>
      </object_component>
      <object_component id="oc-181">
         <name>.debug_line</name>
         <load_address>0xbab</load_address>
         <run_address>0xbab</run_address>
         <size>0x95</size>
         <input_file_ref idref="fl-a"/>
      </object_component>
      <object_component id="oc-a2">
         <name>.debug_line</name>
         <load_address>0xc40</load_address>
         <run_address>0xc40</run_address>
         <size>0xd1</size>
         <input_file_ref idref="fl-a"/>
      </object_component>
      <object_component id="oc-cc">
         <name>.debug_line</name>
         <load_address>0xd11</load_address>
         <run_address>0xd11</run_address>
         <size>0x93</size>
         <input_file_ref idref="fl-a"/>
      </object_component>
      <object_component id="oc-9c">
         <name>.debug_line</name>
         <load_address>0xda4</load_address>
         <run_address>0xda4</run_address>
         <size>0x99</size>
         <input_file_ref idref="fl-a"/>
      </object_component>
      <object_component id="oc-96">
         <name>.debug_line</name>
         <load_address>0xe3d</load_address>
         <run_address>0xe3d</run_address>
         <size>0x93</size>
         <input_file_ref idref="fl-a"/>
      </object_component>
      <object_component id="oc-7e">
         <name>.debug_line</name>
         <load_address>0xed0</load_address>
         <run_address>0xed0</run_address>
         <size>0x92</size>
         <input_file_ref idref="fl-a"/>
      </object_component>
      <object_component id="oc-c6">
         <name>.debug_line</name>
         <load_address>0xf62</load_address>
         <run_address>0xf62</run_address>
         <size>0xa7</size>
         <input_file_ref idref="fl-a"/>
      </object_component>
      <object_component id="oc-108">
         <name>.debug_line</name>
         <load_address>0x1009</load_address>
         <run_address>0x1009</run_address>
         <size>0x92</size>
         <input_file_ref idref="fl-a"/>
      </object_component>
      <object_component id="oc-a8">
         <name>.debug_line</name>
         <load_address>0x109b</load_address>
         <run_address>0x109b</run_address>
         <size>0x92</size>
         <input_file_ref idref="fl-a"/>
      </object_component>
      <object_component id="oc-ff">
         <name>.debug_line</name>
         <load_address>0x112d</load_address>
         <run_address>0x112d</run_address>
         <size>0x92</size>
         <input_file_ref idref="fl-a"/>
      </object_component>
      <object_component id="oc-175">
         <name>.debug_line</name>
         <load_address>0x11bf</load_address>
         <run_address>0x11bf</run_address>
         <size>0x69</size>
         <input_file_ref idref="fl-a"/>
      </object_component>
      <object_component id="oc-236">
         <name>.debug_line</name>
         <load_address>0x1228</load_address>
         <run_address>0x1228</run_address>
         <size>0x7c</size>
         <input_file_ref idref="fl-b"/>
      </object_component>
      <object_component id="oc-23a">
         <name>.debug_line</name>
         <load_address>0x12a4</load_address>
         <run_address>0x12a4</run_address>
         <size>0x82</size>
         <input_file_ref idref="fl-b"/>
      </object_component>
      <object_component id="oc-234">
         <name>.debug_line</name>
         <load_address>0x1326</load_address>
         <run_address>0x1326</run_address>
         <size>0x82</size>
         <input_file_ref idref="fl-b"/>
      </object_component>
      <object_component id="oc-238">
         <name>.debug_line</name>
         <load_address>0x13a8</load_address>
         <run_address>0x13a8</run_address>
         <size>0x82</size>
         <input_file_ref idref="fl-b"/>
      </object_component>
      <object_component id="oc-b5">
         <name>.debug_line</name>
         <load_address>0x142a</load_address>
         <run_address>0x142a</run_address>
         <size>0xaf</size>
         <input_file_ref idref="fl-b"/>
      </object_component>
      <object_component id="oc-ae">
         <name>.debug_line</name>
         <load_address>0x14d9</load_address>
         <run_address>0x14d9</run_address>
         <size>0x99</size>
         <input_file_ref idref="fl-b"/>
      </object_component>
      <object_component id="oc-79">
         <name>.debug_line</name>
         <load_address>0x1572</load_address>
         <run_address>0x1572</run_address>
         <size>0x97</size>
         <input_file_ref idref="fl-b"/>
      </object_component>
      <object_component id="oc-ba">
         <name>.debug_line</name>
         <load_address>0x1609</load_address>
         <run_address>0x1609</run_address>
         <size>0xc2</size>
         <input_file_ref idref="fl-b"/>
      </object_component>
      <object_component id="oc-22c">
         <name>.debug_line</name>
         <load_address>0x16cb</load_address>
         <run_address>0x16cb</run_address>
         <size>0x13d</size>
         <input_file_ref idref="fl-c"/>
      </object_component>
      <object_component id="oc-24f">
         <name>.debug_line</name>
         <load_address>0x1808</load_address>
         <run_address>0x1808</run_address>
         <size>0x7f</size>
         <input_file_ref idref="fl-c"/>
      </object_component>
      <object_component id="oc-8d">
         <name>.debug_line</name>
         <load_address>0x1887</load_address>
         <run_address>0x1887</run_address>
         <size>0x94</size>
         <input_file_ref idref="fl-c"/>
      </object_component>
      <object_component id="oc-8a">
         <name>.debug_line</name>
         <load_address>0x191b</load_address>
         <run_address>0x191b</run_address>
         <size>0xee</size>
         <input_file_ref idref="fl-c"/>
      </object_component>
      <object_component id="oc-d2">
         <name>.debug_line</name>
         <load_address>0x1a09</load_address>
         <run_address>0x1a09</run_address>
         <size>0x11a</size>
         <input_file_ref idref="fl-c"/>
      </object_component>
      <object_component id="oc-230">
         <name>.debug_line</name>
         <load_address>0x1b23</load_address>
         <run_address>0x1b23</run_address>
         <size>0x7f</size>
         <input_file_ref idref="fl-c"/>
      </object_component>
      <object_component id="oc-255">
         <name>.debug_line</name>
         <load_address>0x1ba2</load_address>
         <run_address>0x1ba2</run_address>
         <size>0x82</size>
         <input_file_ref idref="fl-d"/>
      </object_component>
      <object_component id="oc-f1">
         <name>.debug_line</name>
         <load_address>0x1c24</load_address>
         <run_address>0x1c24</run_address>
         <size>0x9c</size>
         <input_file_ref idref="fl-d"/>
      </object_component>
      <object_component id="oc-f7">
         <name>.debug_line</name>
         <load_address>0x1cc0</load_address>
         <run_address>0x1cc0</run_address>
         <size>0x93</size>
         <input_file_ref idref="fl-d"/>
      </object_component>
      <object_component id="oc-fd">
         <name>.debug_line</name>
         <load_address>0x1d53</load_address>
         <run_address>0x1d53</run_address>
         <size>0x93</size>
         <input_file_ref idref="fl-d"/>
      </object_component>
      <object_component id="oc-eb">
         <name>.debug_line</name>
         <load_address>0x1de6</load_address>
         <run_address>0x1de6</run_address>
         <size>0xb7</size>
         <input_file_ref idref="fl-d"/>
      </object_component>
      <object_component id="oc-253">
         <name>.debug_line</name>
         <load_address>0x1e9d</load_address>
         <run_address>0x1e9d</run_address>
         <size>0x82</size>
         <input_file_ref idref="fl-e"/>
      </object_component>
      <object_component id="oc-e4">
         <name>.debug_line</name>
         <load_address>0x1f1f</load_address>
         <run_address>0x1f1f</run_address>
         <size>0x92</size>
         <input_file_ref idref="fl-e"/>
      </object_component>
      <object_component id="oc-11d">
         <name>.debug_line</name>
         <load_address>0x1fb1</load_address>
         <run_address>0x1fb1</run_address>
         <size>0x92</size>
         <input_file_ref idref="fl-e"/>
      </object_component>
      <object_component id="oc-de">
         <name>.debug_line</name>
         <load_address>0x2043</load_address>
         <run_address>0x2043</run_address>
         <size>0x92</size>
         <input_file_ref idref="fl-e"/>
      </object_component>
      <object_component id="oc-1bf">
         <name>.debug_line</name>
         <load_address>0x20d5</load_address>
         <run_address>0x20d5</run_address>
         <size>0x93</size>
         <input_file_ref idref="fl-e"/>
      </object_component>
      <object_component id="oc-1b9">
         <name>.debug_line</name>
         <load_address>0x2168</load_address>
         <run_address>0x2168</run_address>
         <size>0x96</size>
         <input_file_ref idref="fl-e"/>
      </object_component>
      <object_component id="oc-d8">
         <name>.debug_line</name>
         <load_address>0x21fe</load_address>
         <run_address>0x21fe</run_address>
         <size>0xb3</size>
         <input_file_ref idref="fl-e"/>
      </object_component>
      <object_component id="oc-10e">
         <name>.debug_line</name>
         <load_address>0x22b1</load_address>
         <run_address>0x22b1</run_address>
         <size>0x93</size>
         <input_file_ref idref="fl-e"/>
      </object_component>
      <object_component id="oc-123">
         <name>.debug_line</name>
         <load_address>0x2344</load_address>
         <run_address>0x2344</run_address>
         <size>0x93</size>
         <input_file_ref idref="fl-e"/>
      </object_component>
      <object_component id="oc-16e">
         <name>.debug_line</name>
         <load_address>0x23d7</load_address>
         <run_address>0x23d7</run_address>
         <size>0x91</size>
         <input_file_ref idref="fl-f"/>
      </object_component>
      <object_component id="oc-1a1">
         <name>.debug_line</name>
         <load_address>0x2468</load_address>
         <run_address>0x2468</run_address>
         <size>0x5b</size>
         <input_file_ref idref="fl-c5"/>
      </object_component>
      <object_component id="oc-1e7">
         <name>.debug_line</name>
         <load_address>0x24c3</load_address>
         <run_address>0x24c3</run_address>
         <size>0x92</size>
         <input_file_ref idref="fl-c6"/>
      </object_component>
      <object_component id="oc-51">
         <name>.debug_line</name>
         <load_address>0x2555</load_address>
         <run_address>0x2555</run_address>
         <size>0x4c</size>
         <input_file_ref idref="fl-c6"/>
      </object_component>
      <object_component id="oc-14f">
         <name>.debug_line</name>
         <load_address>0x25a1</load_address>
         <run_address>0x25a1</run_address>
         <size>0x34</size>
         <input_file_ref idref="fl-c6"/>
      </object_component>
      <object_component id="oc-1e4">
         <name>.debug_line</name>
         <load_address>0x25d5</load_address>
         <run_address>0x25d5</run_address>
         <size>0x92</size>
         <input_file_ref idref="fl-c6"/>
      </object_component>
      <object_component id="oc-14a">
         <name>.debug_line</name>
         <load_address>0x2667</load_address>
         <run_address>0x2667</run_address>
         <size>0x20</size>
         <input_file_ref idref="fl-c7"/>
      </object_component>
      <object_component id="oc-1c">
         <name>.debug_line</name>
         <load_address>0x2687</load_address>
         <run_address>0x2687</run_address>
         <size>0x55</size>
         <input_file_ref idref="fl-c7"/>
      </object_component>
      <object_component id="oc-4a">
         <name>.debug_line</name>
         <load_address>0x26dc</load_address>
         <run_address>0x26dc</run_address>
         <size>0x3a</size>
         <input_file_ref idref="fl-c7"/>
      </object_component>
      <object_component id="oc-147">
         <name>.debug_line</name>
         <load_address>0x2716</load_address>
         <run_address>0x2716</run_address>
         <size>0x92</size>
         <input_file_ref idref="fl-c7"/>
      </object_component>
      <object_component id="oc-1e0">
         <name>.debug_line</name>
         <load_address>0x27a8</load_address>
         <run_address>0x27a8</run_address>
         <size>0x20</size>
         <input_file_ref idref="fl-c8"/>
      </object_component>
      <object_component id="oc-1a">
         <name>.debug_line</name>
         <load_address>0x27c8</load_address>
         <run_address>0x27c8</run_address>
         <size>0xa9</size>
         <input_file_ref idref="fl-c8"/>
      </object_component>
      <object_component id="oc-3a">
         <name>.debug_line</name>
         <load_address>0x2871</load_address>
         <run_address>0x2871</run_address>
         <size>0x3a</size>
         <input_file_ref idref="fl-c8"/>
      </object_component>
      <object_component id="oc-1dd">
         <name>.debug_line</name>
         <load_address>0x28ab</load_address>
         <run_address>0x28ab</run_address>
         <size>0x9a</size>
         <input_file_ref idref="fl-c8"/>
      </object_component>
      <object_component id="oc-140">
         <name>.debug_line</name>
         <load_address>0x2945</load_address>
         <run_address>0x2945</run_address>
         <size>0x96</size>
         <input_file_ref idref="fl-c8"/>
      </object_component>
      <object_component id="oc-72">
         <name>.debug_line</name>
         <load_address>0x29db</load_address>
         <run_address>0x29db</run_address>
         <size>0x33</size>
         <input_file_ref idref="fl-c9"/>
      </object_component>
      <object_component id="oc-64">
         <name>.debug_line</name>
         <load_address>0x2a0e</load_address>
         <run_address>0x2a0e</run_address>
         <size>0x45</size>
         <input_file_ref idref="fl-c9"/>
      </object_component>
      <object_component id="oc-243">
         <name>.debug_line</name>
         <load_address>0x2a53</load_address>
         <run_address>0x2a53</run_address>
         <size>0x37</size>
         <input_file_ref idref="fl-ca"/>
      </object_component>
      <object_component id="oc-45">
         <name>.debug_line</name>
         <load_address>0x2a8a</load_address>
         <run_address>0x2a8a</run_address>
         <size>0x88</size>
         <input_file_ref idref="fl-cb"/>
      </object_component>
      <object_component id="oc-286">
         <name>.debug_line</name>
         <load_address>0x2b12</load_address>
         <run_address>0x2b12</run_address>
         <size>0xbf</size>
         <input_file_ref idref="fl-cd"/>
      </object_component>
      <object_component id="oc-1fa">
         <name>.debug_line</name>
         <load_address>0x2bd1</load_address>
         <run_address>0x2bd1</run_address>
         <size>0x6f</size>
         <input_file_ref idref="fl-cd"/>
      </object_component>
      <object_component id="oc-28a">
         <name>.debug_line</name>
         <load_address>0x2c40</load_address>
         <run_address>0x2c40</run_address>
         <size>0x2e</size>
         <input_file_ref idref="fl-cd"/>
      </object_component>
      <object_component id="oc-29e">
         <name>.debug_line</name>
         <load_address>0x2c6e</load_address>
         <run_address>0x2c6e</run_address>
         <size>0x9a</size>
         <input_file_ref idref="fl-cd"/>
      </object_component>
      <object_component id="oc-28f">
         <name>.debug_line</name>
         <load_address>0x2d08</load_address>
         <run_address>0x2d08</run_address>
         <size>0x97</size>
         <input_file_ref idref="fl-cd"/>
      </object_component>
      <object_component id="oc-294">
         <name>.debug_line</name>
         <load_address>0x2d9f</load_address>
         <run_address>0x2d9f</run_address>
         <size>0x93</size>
         <input_file_ref idref="fl-cd"/>
      </object_component>
      <object_component id="oc-15c">
         <name>.debug_line</name>
         <load_address>0x2e32</load_address>
         <run_address>0x2e32</run_address>
         <size>0x40</size>
         <input_file_ref idref="fl-ce"/>
      </object_component>
      <object_component id="oc-1ee">
         <name>.debug_line</name>
         <load_address>0x2e72</load_address>
         <run_address>0x2e72</run_address>
         <size>0x3c</size>
         <input_file_ref idref="fl-d0"/>
      </object_component>
      <object_component id="oc-32">
         <name>.debug_frame</name>
         <load_address>0x0</load_address>
         <run_address>0x0</run_address>
         <size>0xd8</size>
         <input_file_ref idref="fl-2"/>
      </object_component>
      <object_component id="oc-2c">
         <name>.debug_frame</name>
         <load_address>0xd8</load_address>
         <run_address>0xd8</run_address>
         <size>0x90</size>
         <input_file_ref idref="fl-3"/>
      </object_component>
      <object_component id="oc-c1">
         <name>.debug_frame</name>
         <load_address>0x168</load_address>
         <run_address>0x168</run_address>
         <size>0x104</size>
         <input_file_ref idref="fl-4"/>
      </object_component>
      <object_component id="oc-85">
         <name>.debug_frame</name>
         <load_address>0x4c8</load_address>
         <run_address>0x4c8</run_address>
         <size>0x7f</size>
         <input_file_ref idref="fl-a"/>
      </object_component>
      <object_component id="oc-182">
         <name>.debug_frame</name>
         <load_address>0x547</load_address>
         <run_address>0x547</run_address>
         <size>0x7f</size>
         <input_file_ref idref="fl-a"/>
      </object_component>
      <object_component id="oc-a3">
         <name>.debug_frame</name>
         <load_address>0x5c6</load_address>
         <run_address>0x5c6</run_address>
         <size>0x8f</size>
         <input_file_ref idref="fl-a"/>
      </object_component>
      <object_component id="oc-cd">
         <name>.debug_frame</name>
         <load_address>0x655</load_address>
         <run_address>0x655</run_address>
         <size>0x86</size>
         <input_file_ref idref="fl-a"/>
      </object_component>
      <object_component id="oc-9d">
         <name>.debug_frame</name>
         <load_address>0x6db</load_address>
         <run_address>0x6db</run_address>
         <size>0x8a</size>
         <input_file_ref idref="fl-a"/>
      </object_component>
      <object_component id="oc-97">
         <name>.debug_frame</name>
         <load_address>0x765</load_address>
         <run_address>0x765</run_address>
         <size>0x86</size>
         <input_file_ref idref="fl-a"/>
      </object_component>
      <object_component id="oc-7f">
         <name>.debug_frame</name>
         <load_address>0x7eb</load_address>
         <run_address>0x7eb</run_address>
         <size>0x7f</size>
         <input_file_ref idref="fl-a"/>
      </object_component>
      <object_component id="oc-c7">
         <name>.debug_frame</name>
         <load_address>0x86a</load_address>
         <run_address>0x86a</run_address>
         <size>0x86</size>
         <input_file_ref idref="fl-a"/>
      </object_component>
      <object_component id="oc-109">
         <name>.debug_frame</name>
         <load_address>0x8f0</load_address>
         <run_address>0x8f0</run_address>
         <size>0x7f</size>
         <input_file_ref idref="fl-a"/>
      </object_component>
      <object_component id="oc-a9">
         <name>.debug_frame</name>
         <load_address>0x96f</load_address>
         <run_address>0x96f</run_address>
         <size>0x7f</size>
         <input_file_ref idref="fl-a"/>
      </object_component>
      <object_component id="oc-103">
         <name>.debug_frame</name>
         <load_address>0x9ee</load_address>
         <run_address>0x9ee</run_address>
         <size>0x7f</size>
         <input_file_ref idref="fl-a"/>
      </object_component>
      <object_component id="oc-b4">
         <name>.debug_frame</name>
         <load_address>0xa6d</load_address>
         <run_address>0xa6d</run_address>
         <size>0x8e</size>
         <input_file_ref idref="fl-b"/>
      </object_component>
      <object_component id="oc-af">
         <name>.debug_frame</name>
         <load_address>0xafb</load_address>
         <run_address>0xafb</run_address>
         <size>0x86</size>
         <input_file_ref idref="fl-b"/>
      </object_component>
      <object_component id="oc-78">
         <name>.debug_frame</name>
         <load_address>0xb81</load_address>
         <run_address>0xb81</run_address>
         <size>0x86</size>
         <input_file_ref idref="fl-b"/>
      </object_component>
      <object_component id="oc-bb">
         <name>.debug_frame</name>
         <load_address>0xc07</load_address>
         <run_address>0xc07</run_address>
         <size>0x7f</size>
         <input_file_ref idref="fl-b"/>
      </object_component>
      <object_component id="oc-91">
         <name>.debug_frame</name>
         <load_address>0xc86</load_address>
         <run_address>0xc86</run_address>
         <size>0x7f</size>
         <input_file_ref idref="fl-c"/>
      </object_component>
      <object_component id="oc-8b">
         <name>.debug_frame</name>
         <load_address>0xd05</load_address>
         <run_address>0xd05</run_address>
         <size>0x93</size>
         <input_file_ref idref="fl-c"/>
      </object_component>
      <object_component id="oc-d3">
         <name>.debug_frame</name>
         <load_address>0xd98</load_address>
         <run_address>0xd98</run_address>
         <size>0x8e</size>
         <input_file_ref idref="fl-c"/>
      </object_component>
      <object_component id="oc-f0">
         <name>.debug_frame</name>
         <load_address>0xe26</load_address>
         <run_address>0xe26</run_address>
         <size>0x7f</size>
         <input_file_ref idref="fl-d"/>
      </object_component>
      <object_component id="oc-f3">
         <name>.debug_frame</name>
         <load_address>0xea5</load_address>
         <run_address>0xea5</run_address>
         <size>0x7f</size>
         <input_file_ref idref="fl-d"/>
      </object_component>
      <object_component id="oc-f9">
         <name>.debug_frame</name>
         <load_address>0xf24</load_address>
         <run_address>0xf24</run_address>
         <size>0x7f</size>
         <input_file_ref idref="fl-d"/>
      </object_component>
      <object_component id="oc-e7">
         <name>.debug_frame</name>
         <load_address>0xfa3</load_address>
         <run_address>0xfa3</run_address>
         <size>0x86</size>
         <input_file_ref idref="fl-d"/>
      </object_component>
      <object_component id="oc-e5">
         <name>.debug_frame</name>
         <load_address>0x1029</load_address>
         <run_address>0x1029</run_address>
         <size>0x7f</size>
         <input_file_ref idref="fl-e"/>
      </object_component>
      <object_component id="oc-11e">
         <name>.debug_frame</name>
         <load_address>0x10a8</load_address>
         <run_address>0x10a8</run_address>
         <size>0x7f</size>
         <input_file_ref idref="fl-e"/>
      </object_component>
      <object_component id="oc-df">
         <name>.debug_frame</name>
         <load_address>0x1127</load_address>
         <run_address>0x1127</run_address>
         <size>0x7f</size>
         <input_file_ref idref="fl-e"/>
      </object_component>
      <object_component id="oc-1c0">
         <name>.debug_frame</name>
         <load_address>0x11a6</load_address>
         <run_address>0x11a6</run_address>
         <size>0x7f</size>
         <input_file_ref idref="fl-e"/>
      </object_component>
      <object_component id="oc-1ba">
         <name>.debug_frame</name>
         <load_address>0x1225</load_address>
         <run_address>0x1225</run_address>
         <size>0x7f</size>
         <input_file_ref idref="fl-e"/>
      </object_component>
      <object_component id="oc-d9">
         <name>.debug_frame</name>
         <load_address>0x12a4</load_address>
         <run_address>0x12a4</run_address>
         <size>0x8a</size>
         <input_file_ref idref="fl-e"/>
      </object_component>
      <object_component id="oc-10f">
         <name>.debug_frame</name>
         <load_address>0x132e</load_address>
         <run_address>0x132e</run_address>
         <size>0x7f</size>
         <input_file_ref idref="fl-e"/>
      </object_component>
      <object_component id="oc-124">
         <name>.debug_frame</name>
         <load_address>0x13ad</load_address>
         <run_address>0x13ad</run_address>
         <size>0x7f</size>
         <input_file_ref idref="fl-e"/>
      </object_component>
      <object_component id="oc-16f">
         <name>.debug_frame</name>
         <load_address>0x142c</load_address>
         <run_address>0x142c</run_address>
         <size>0x7f</size>
         <input_file_ref idref="fl-f"/>
      </object_component>
      <object_component id="oc-52">
         <name>.debug_frame</name>
         <load_address>0x26c</load_address>
         <run_address>0x26c</run_address>
         <size>0x54</size>
         <input_file_ref idref="fl-c6"/>
      </object_component>
      <object_component id="oc-20">
         <name>.debug_frame</name>
         <load_address>0x2c0</load_address>
         <run_address>0x2c0</run_address>
         <size>0x54</size>
         <input_file_ref idref="fl-c7"/>
      </object_component>
      <object_component id="oc-16">
         <name>.debug_frame</name>
         <load_address>0x314</load_address>
         <run_address>0x314</run_address>
         <size>0x60</size>
         <input_file_ref idref="fl-c8"/>
      </object_component>
      <object_component id="oc-63">
         <name>.debug_frame</name>
         <load_address>0x374</load_address>
         <run_address>0x374</run_address>
         <size>0x50</size>
         <input_file_ref idref="fl-c9"/>
      </object_component>
      <object_component id="oc-1fb">
         <name>.debug_frame</name>
         <load_address>0x3c4</load_address>
         <run_address>0x3c4</run_address>
         <size>0x5c</size>
         <input_file_ref idref="fl-cd"/>
      </object_component>
      <object_component id="oc-15d">
         <name>.debug_frame</name>
         <load_address>0x420</load_address>
         <run_address>0x420</run_address>
         <size>0x54</size>
         <input_file_ref idref="fl-ce"/>
      </object_component>
      <object_component id="oc-1ef">
         <name>.debug_frame</name>
         <load_address>0x474</load_address>
         <run_address>0x474</run_address>
         <size>0x54</size>
         <input_file_ref idref="fl-d0"/>
      </object_component>
      <object_component id="oc-1cf">
         <name>.debug_abbrev</name>
         <load_address>0x0</load_address>
         <run_address>0x0</run_address>
         <size>0xdf</size>
         <input_file_ref idref="fl-2"/>
      </object_component>
      <object_component id="oc-1d3">
         <name>.debug_abbrev</name>
         <load_address>0xdf</load_address>
         <run_address>0xdf</run_address>
         <size>0x29</size>
         <input_file_ref idref="fl-2"/>
      </object_component>
      <object_component id="oc-1cd">
         <name>.debug_abbrev</name>
         <load_address>0x108</load_address>
         <run_address>0x108</run_address>
         <size>0x29</size>
         <input_file_ref idref="fl-2"/>
      </object_component>
      <object_component id="oc-12b">
         <name>.debug_abbrev</name>
         <load_address>0x131</load_address>
         <run_address>0x131</run_address>
         <size>0xba</size>
         <input_file_ref idref="fl-2"/>
[...]
            <object_component_ref idref="oc-28d"/>
            <object_component_ref idref="oc-292"/>
         </contents>
      </logical_group>
      <logical_group id="lg-2d5" display="no" color="cyan">
         <name>Veneer$$CMSE</name>
         <run_address>0x0</run_address>
         <size>0x0</size>
         <contents>
         </contents>
      </logical_group>
      <load_segment id="lg-2de" display="no" color="cyan">
         <name>SEGMENT_0</name>
         <load_address>0x0</load_address>
         <run_address>0x0</run_address>
         <size>0x1710</size>
         <flags>0x5</flags>
         <contents>
            <logical_group_ref idref="lg-3"/>
            <logical_group_ref idref="lg-4"/>
            <logical_group_ref idref="lg-5"/>
            <logical_group_ref idref="lg-6"/>
         </contents>
      </load_segment>
      <load_segment id="lg-2df" display="no" color="cyan">
         <name>SEGMENT_1</name>
         <run_address>0x20000000</run_address>
         <size>0x4a2</size>
         <flags>0x6</flags>
         <contents>
            <logical_group_ref idref="lg-9"/>
            <logical_group_ref idref="lg-d"/>
            <logical_group_ref idref="lg-a"/>
            <logical_group_ref idref="lg-b"/>
         </contents>
      </load_segment>
   </logical_group_list>
   <placement_map>
      <memory_area display="yes" color="green">
         <name>FLASH</name>
         <page_id>0x0</page_id>
         <origin>0x0</origin>
         <length>0x40000</length>
         <used_space>0x170e</used_space>
         <unused_space>0x3e8f2</unused_space>
         <attributes>RX</attributes>
         <usage_details>
            <allocated_space>
               <start_address>0x0</start_address>
               <size>0x26c</size>
               <logical_group_ref idref="lg-3"/>
            </allocated_space>
            <allocated_space>
               <start_address>0x26c</start_address>
               <size>0x1212</size>
               <logical_group_ref idref="lg-4"/>
            </allocated_space>
            <available_space>
               <start_address>0x147e</start_address>
               <size>0x2</size>
            </available_space>
            <allocated_space>
               <start_address>0x1480</start_address>
               <size>0x238</size>
               <logical_group_ref idref="lg-5"/>
            </allocated_space>
            <allocated_space>
               <start_address>0x16b8</start_address>
               <size>0x58</size>
               <logical_group_ref idref="lg-6"/>
            </allocated_space>
            <available_space>
               <start_address>0x1710</start_address>
               <size>0x3e8f0</size>
            </available_space>
         </usage_details>
      </memory_area>
      <memory_area display="yes" color="green">
         <name>SRAM</name>
         <page_id>0x0</page_id>
         <origin>0x20000000</origin>
         <length>0x8000</length>
         <used_space>0x49b</used_space>
         <unused_space>0x7b65</unused_space>
         <attributes>RWX</attributes>
         <usage_details>
            <allocated_space>
               <start_address>0x20000000</start_address>
               <size>0x0</size>
               <logical_group_ref idref="lg-2a9"/>
            </allocated_space>
            <allocated_space>
               <start_address>0x20000000</start_address>
               <size>0x26c</size>
               <logical_group_ref idref="lg-9"/>
            </allocated_space>
            <available_space>
               <start_address>0x2000026c</start_address>
               <size>0x4</size>
            </available_space>
            <allocated_space>
               <start_address>0x20000270</start_address>
               <size>0x200</size>
               <logical_group_ref idref="lg-d"/>
            </allocated_space>
            <allocated_space>
               <start_address>0x20000470</start_address>
               <size>0x25</size>
               <logical_group_ref idref="lg-a"/>
            </allocated_space>
            <available_space>
               <start_address>0x20000495</start_address>
               <size>0x3</size>
            </available_space>
            <allocated_space>
               <start_address>0x20000498</start_address>
               <size>0xa</size>
               <logical_group_ref idref="lg-b"/>
            </allocated_space>
            <available_space>
               <start_address>0x200004a2</start_address>
               <size>0x7b5e</size>
            </available_space>
         </usage_details>
      </memory_area>
   </placement_map>
   <cptbl_list>
      <cptbl>
         <name>__TI_cinit_table</name>
         <cprec>
            <name>.data</name>
            <load_address>0x16b8</load_address>
            <load_size>0x1f</load_size>
            <run_address>0x20000470</run_address>
            <run_size>0x25</run_size>
            <compression>lzss</compression>
         </cprec>
         <cprec>
            <name>.bss</name>
            <load_address>0x16e8</load_address>
            <load_size>0x8</load_size>
            <run_address>0x20000498</run_address>
            <run_size>0xa</run_size>
            <compression>zero_init</compression>
         </cprec>
         <cprec>
            <name>.vtable</name>
            <load_address>0x16f0</load_address>
            <load_size>0x8</load_size>
            <run_address>0x20000000</run_address>
            <run_size>0x26c</run_size>
            <compression>zero_init</compression>
         </cprec>
      </cptbl>
   </cptbl_list>
   <handler_table>
      <handler_table_name>__TI_handler_table</handler_table_name>
      <handler>
         <index>0x0</index>
         <name>__TI_zero_init</name>
      </handler>
      <handler>
         <index>0x1</index>
         <name>__TI_decompress_lzss</name>
      </handler>
      <handler>
         <index>0x2</index>
         <name>__TI_decompress_none</name>
      </handler>
   </handler_table>
   <symbol_table>
      <symbol id="sm-1">
         <name>__STACK_TOP</name>
         <value>0x20000470</value>
      </symbol>
      <symbol id="sm-2">
         <name>__start___llvm_prf_cnts</name>
         <value>0x20000000</value>
      </symbol>
      <symbol id="sm-3">
         <name>__stop___llvm_prf_cnts</name>
         <value>0x20000000</value>
      </symbol>
      <symbol id="sm-4">
         <name>__TI_CINIT_Base</name>
         <value>0x16f8</value>
      </symbol>
      <symbol id="sm-5">
         <name>__TI_CINIT_Limit</name>
         <value>0x1710</value>
      </symbol>
      <symbol id="sm-6">
         <name>__TI_Handler_Table_Base</name>
         <value>0x16d8</value>
      </symbol>
      <symbol id="sm-7">
         <name>__TI_Handler_Table_Limit</name>
         <value>0x16e4</value>
      </symbol>
      <symbol id="sm-8">
         <name>binit</name>
         <value>0xffffffff</value>
      </symbol>
      <symbol id="sm-9">
         <name>__binit__</name>
         <value>0xffffffff</value>
      </symbol>
      <symbol id="sm-a">
         <name>__STACK_SIZE</name>
         <value>0x200</value>
      </symbol>
      <symbol id="sm-b">
         <name>__STACK_END</name>
         <value>0x20000470</value>
      </symbol>
      <symbol id="sm-c">
         <name>__c_args__</name>
         <value>0xffffffff</value>
      </symbol>
      <symbol id="sm-d">
         <name>__TI_pprof_out_hndl</name>
         <value>0xffffffff</value>
      </symbol>
      <symbol id="sm-e">
         <name>__TI_prof_data_start</name>
         <value>0xffffffff</value>
      </symbol>
      <symbol id="sm-f">
         <name>__TI_prof_data_size</name>
         <value>0xffffffff</value>
      </symbol>
      <symbol id="sm-a8">
         <name>FSM</name>
         <value>0x20000498</value>
      </symbol>
      <symbol id="sm-a9">
         <name>consola</name>
         <value>0x200004a1</value>
      </symbol>
      <symbol id="sm-aa">
         <name>ST7SEG</name>
         <value>0x200004a0</value>
      </symbol>
      <symbol id="sm-ab">
         <name>LED1</name>
         <value>0x2000049c</value>
      </symbol>
      <symbol id="sm-ac">
         <name>LED2</name>
         <value>0x2000049d</value>
      </symbol>
      <symbol id="sm-ad">
         <name>LED3</name>
         <value>0x2000049e</value>
      </symbol>
      <symbol id="sm-ae">
         <name>LED4</name>
         <value>0x2000049f</value>
      </symbol>
      <symbol id="sm-af">
         <name>DISP</name>
         <value>0x20000470</value>
         <object_component_ref idref="oc-110"/>
      </symbol>
      <symbol id="sm-b0">
         <name>SET_TIMER0</name>
         <value>0x3af</value>
         <object_component_ref idref="oc-2d"/>
      </symbol>
      <symbol id="sm-b1">
         <name>UARTint</name>
         <value>0x52d</value>
         <object_component_ref idref="oc-2d"/>
      </symbol>
      <symbol id="sm-b2">
         <name>PB</name>
         <value>0x3e7</value>
         <object_component_ref idref="oc-2d"/>
      </symbol>
      <symbol id="sm-b3">
         <name>i</name>
         <value>0x20000484</value>
         <object_component_ref idref="oc-126"/>
      </symbol>
      <symbol id="sm-b4">
         <name>main</name>
         <value>0x26d</value>
         <object_component_ref idref="oc-2d"/>
      </symbol>
      <symbol id="sm-b5">
         <name>STLED2</name>
         <value>0x2000048a</value>
         <object_component_ref idref="oc-126"/>
      </symbol>
      <symbol id="sm-b6">
         <name>STLED3</name>
         <value>0x2000048b</value>
         <object_component_ref idref="oc-126"/>
      </symbol>
      <symbol id="sm-b7">
         <name>STLED0</name>
         <value>0x20000488</value>
         <object_component_ref idref="oc-126"/>
      </symbol>
      <symbol id="sm-b8">
         <name>STLED1</name>
         <value>0x20000489</value>
         <object_component_ref idref="oc-126"/>
      </symbol>
      <symbol id="sm-b9">
         <name>CONFIG</name>
         <value>0x2e3</value>
         <object_component_ref idref="oc-2d"/>
      </symbol>
      <symbol id="sm-ba">
         <name>SET_UART</name>
         <value>0x35b</value>
         <object_component_ref idref="oc-2d"/>
      </symbol>
      <symbol id="sm-bb">
         <name>BT_COUNT</name>
         <value>0x2000048c</value>
         <object_component_ref idref="oc-126"/>
      </symbol>
      <symbol id="sm-dc">
         <name>ResetISR</name>
         <value>0x1421</value>
         <object_component_ref idref="oc-27"/>
      </symbol>
      <symbol id="sm-dd">
         <name>g_pfnVectors</name>
         <value>0x0</value>
         <object_component_ref idref="oc-12"/>
      </symbol>
      <symbol id="sm-14e">
         <name>UARTgetc</name>
         <value>0x8c9</value>
         <object_component_ref idref="oc-bc"/>
      </symbol>
      <symbol id="sm-14f">
         <name>UARTgets</name>
         <value>0x803</value>
         <object_component_ref idref="oc-bc"/>
      </symbol>
      <symbol id="sm-150">
         <name>UARTStdioConfig</name>
         <value>0x751</value>
         <object_component_ref idref="oc-bc"/>
      </symbol>
      <symbol id="sm-151">
         <name>UARTwrite</name>
         <value>0x7b1</value>
         <object_component_ref idref="oc-bc"/>
      </symbol>
      <symbol id="sm-152">
         <name>UARTprintf</name>
         <value>0xbf7</value>
         <object_component_ref idref="oc-bc"/>
      </symbol>
      <symbol id="sm-153">
         <name>UARTvprintf</name>
         <value>0x8fd</value>
         <object_component_ref idref="oc-bc"/>
      </symbol>
      <symbol id="sm-1c2">
         <name>GPIOPinConfigure</name>
         <value>0x1131</value>
         <object_component_ref idref="oc-c2"/>
      </symbol>
      <symbol id="sm-1c3">
         <name>GPIOIntEnable</name>
         <value>0x1415</value>
         <object_component_ref idref="oc-a4"/>
      </symbol>
      <symbol id="sm-1c4">
         <name>GPIOPinTypeGPIOInput</name>
         <value>0x1399</value>
         <object_component_ref idref="oc-92"/>
      </symbol>
      <symbol id="sm-1c5">
         <name>GPIOIntClear</name>
         <value>0x145b</value>
         <object_component_ref idref="oc-fe"/>
      </symbol>
      <symbol id="sm-1c6">
         <name>GPIOPinTypeUART</name>
         <value>0x13ab</value>
         <object_component_ref idref="oc-c8"/>
      </symbol>
      <symbol id="sm-1c7">
         <name>GPIOIntStatus</name>
         <value>0x13df</value>
         <object_component_ref idref="oc-104"/>
      </symbol>
      <symbol id="sm-1c8">
         <name>GPIOPinTypeGPIOOutput</name>
         <value>0x136d</value>
         <object_component_ref idref="oc-98"/>
      </symbol>
      <symbol id="sm-1c9">
         <name>GPIOPinRead</name>
         <value>0x1461</value>
         <object_component_ref idref="oc-7a"/>
      </symbol>
      <symbol id="sm-1ca">
         <name>GPIODirModeSet</name>
         <value>0x12e1</value>
         <object_component_ref idref="oc-17d"/>
      </symbol>
      <symbol id="sm-1cb">
         <name>GPIOPinWrite</name>
         <value>0x1467</value>
         <object_component_ref idref="oc-80"/>
      </symbol>
      <symbol id="sm-1cc">
         <name>GPIOPadConfigSet</name>
         <value>0xc2d</value>
         <object_component_ref idref="oc-9e"/>
      </symbol>
      <symbol id="sm-21f">
         <name>IntPrioritySet</name>
         <value>0x130d</value>
         <object_component_ref idref="oc-aa"/>
      </symbol>
      <symbol id="sm-220">
         <name>IntEnable</name>
         <value>0x1001</value>
         <object_component_ref idref="oc-b6"/>
      </symbol>
      <symbol id="sm-221">
         <name>IntRegister</name>
         <value>0x1245</value>
         <object_component_ref idref="oc-b0"/>
      </symbol>
      <symbol id="sm-222">
         <name>g_pfnRAMVectors</name>
         <value>0x20000000</value>
         <object_component_ref idref="oc-18c"/>
      </symbol>
      <symbol id="sm-223">
         <name>IntMasterEnable</name>
         <value>0x13cf</value>
         <object_component_ref idref="oc-74"/>
      </symbol>
      <symbol id="sm-275">
         <name>SysCtlClockSet</name>
         <value>0xe71</value>
         <object_component_ref idref="oc-86"/>
      </symbol>
      <symbol id="sm-276">
         <name>SysCtlDelay</name>
         <value>0x146d</value>
         <object_component_ref idref="oc-179"/>
      </symbol>
      <symbol id="sm-277">
         <name>SysCtlPeripheralEnable</name>
         <value>0x1279</value>
         <object_component_ref idref="oc-8c"/>
      </symbol>
      <symbol id="sm-278">
         <name>SysCtlClockGet</name>
         <value>0xd61</value>
         <object_component_ref idref="oc-ce"/>
      </symbol>
      <symbol id="sm-2a4">
         <name>TimerLoadSet</name>
         <value>0x13bd</value>
         <object_component_ref idref="oc-ec"/>
      </symbol>
      <symbol id="sm-2a5">
         <name>TimerEnable</name>
         <value>0x13ed</value>
         <object_component_ref idref="oc-f8"/>
      </symbol>
      <symbol id="sm-2a6">
         <name>TimerIntEnable</name>
         <value>0x144b</value>
         <object_component_ref idref="oc-f2"/>
      </symbol>
      <symbol id="sm-2a7">
         <name>TimerConfigure</name>
         <value>0x10d1</value>
         <object_component_ref idref="oc-e6"/>
      </symbol>
      <symbol id="sm-2f2">
         <name>UARTFIFODisable</name>
         <value>0x1441</value>
         <object_component_ref idref="oc-da"/>
      </symbol>
      <symbol id="sm-2f3">
         <name>UARTConfigSetExpClk</name>
         <value>0x1179</value>
         <object_component_ref idref="oc-d4"/>
      </symbol>
      <symbol id="sm-2f4">
         <name>UARTDisable</name>
         <value>0x1331</value>
         <object_component_ref idref="oc-1b5"/>
      </symbol>
      <symbol id="sm-2f5">
         <name>UARTIntEnable</name>
         <value>0x1453</value>
         <object_component_ref idref="oc-e0"/>
      </symbol>
      <symbol id="sm-2f6">
         <name>UARTCharPut</name>
         <value>0x1437</value>
         <object_component_ref idref="oc-10a"/>
      </symbol>
      <symbol id="sm-2f7">
         <name>UARTEnable</name>
         <value>0x1385</value>
         <object_component_ref idref="oc-1bb"/>
      </symbol>
      <symbol id="sm-2f8">
         <name>UARTIntClear</name>
         <value>0x1473</value>
         <object_component_ref idref="oc-119"/>
      </symbol>
      <symbol id="sm-2f9">
         <name>UARTCharGet</name>
         <value>0x142d</value>
         <object_component_ref idref="oc-11f"/>
      </symbol>
      <symbol id="sm-303">
         <name>CPUcpsie</name>
         <value>0x1409</value>
         <object_component_ref idref="oc-16a"/>
      </symbol>
      <symbol id="sm-312">
         <name>__aeabi_uidivmod</name>
         <value>0x1205</value>
         <object_component_ref idref="oc-19d"/>
      </symbol>
      <symbol id="sm-313">
         <name>__aeabi_uidiv</name>
         <value>0x1205</value>
         <object_component_ref idref="oc-19d"/>
      </symbol>
      <symbol id="sm-32c">
         <name>__TI_zero_init_nomemset</name>
         <value>0x1351</value>
         <object_component_ref idref="oc-4d"/>
      </symbol>
      <symbol id="sm-343">
         <name>__TI_decompress_none</name>
         <value>0x13fb</value>
         <object_component_ref idref="oc-1b"/>
      </symbol>
      <symbol id="sm-366">
         <name>__TI_decompress_lzss</name>
         <value>0x1069</value>
         <object_component_ref idref="oc-15"/>
      </symbol>
      <symbol id="sm-379">
         <name>__stack</name>
         <value>0x20000270</value>
         <object_component_ref idref="oc-24"/>
      </symbol>
      <symbol id="sm-37a">
         <name>_c_int00_noargs</name>
         <value>0x12ad</value>
         <object_component_ref idref="oc-5f"/>
      </symbol>
      <symbol id="sm-384">
         <name>__aeabi_idiv0</name>
         <value>0xd5f</value>
         <object_component_ref idref="oc-241"/>
      </symbol>
      <symbol id="sm-385">
         <name>__aeabi_ldiv0</name>
         <value>0xd5f</value>
         <object_component_ref idref="oc-241"/>
      </symbol>
      <symbol id="sm-3a0">
         <name>memcpy</name>
         <value>0xf65</value>
         <object_component_ref idref="oc-41"/>
      </symbol>
      <symbol id="sm-3a1">
         <name>__aeabi_memcpy</name>
         <value>0xf65</value>
         <object_component_ref idref="oc-41"/>
      </symbol>
      <symbol id="sm-3a2">
         <name>__aeabi_memcpy8</name>
         <value>0xf65</value>
         <object_component_ref idref="oc-41"/>
      </symbol>
      <symbol id="sm-3a3">
         <name>__aeabi_memcpy4</name>
         <value>0xf65</value>
         <object_component_ref idref="oc-41"/>
      </symbol>
      <symbol id="sm-3cc">
         <name>__TI_auto_init_nobinit_nopinit</name>
         <value>0x11c1</value>
         <object_component_ref idref="oc-1f6"/>
      </symbol>
      <symbol id="sm-3d6">
         <name>_system_pre_init</name>
         <value>0x1477</value>
         <object_component_ref idref="oc-158"/>
      </symbol>
      <symbol id="sm-3e2">
         <name>C$$EXIT</name>
         <value>0x147b</value>
         <object_component_ref idref="oc-1ea"/>
      </symbol>
      <symbol id="sm-3e3">
         <name>abort</name>
         <value>0x147b</value>
         <object_component_ref idref="oc-1ea"/>
      </symbol>
      <symbol id="sm-3e6">
         <name>__TI_static_base__</name>
         <value>0x0</value>
      </symbol>
      <symbol id="sm-3e9">
         <name>__mpu_init</name>
         <value>0x0</value>
      </symbol>
      <symbol id="sm-3ea">
         <name>_system_post_cinit</name>
         <value>0x0</value>
      </symbol>
   </symbol_table>
   <title>Link successful</title>
</link_info>
